Component: Arm Compiler for Embedded 6.19 Tool: armlink [5e73cb00]

==============================================================================

Section Cross References

    startup_stm32f103xb.o(STACK) refers (Special) to heapauxi.o(.text) for __use_two_region_memory
    startup_stm32f103xb.o(HEAP) refers (Special) to heapauxi.o(.text) for __use_two_region_memory
    startup_stm32f103xb.o(RESET) refers (Special) to heapauxi.o(.text) for __use_two_region_memory
    startup_stm32f103xb.o(RESET) refers to startup_stm32f103xb.o(STACK) for __initial_sp
    startup_stm32f103xb.o(RESET) refers to startup_stm32f103xb.o(.text) for Reset_Handler
    startup_stm32f103xb.o(RESET) refers to stm32f1xx_it.o(.text.NMI_Handler) for NMI_Handler
    startup_stm32f103xb.o(RESET) refers to stm32f1xx_it.o(.text.HardFault_Handler) for HardFault_Handler
    startup_stm32f103xb.o(RESET) refers to stm32f1xx_it.o(.text.MemManage_Handler) for MemManage_Handler
    startup_stm32f103xb.o(RESET) refers to stm32f1xx_it.o(.text.BusFault_Handler) for BusFault_Handler
    startup_stm32f103xb.o(RESET) refers to stm32f1xx_it.o(.text.UsageFault_Handler) for UsageFault_Handler
    startup_stm32f103xb.o(RESET) refers to stm32f1xx_it.o(.text.SVC_Handler) for SVC_Handler
    startup_stm32f103xb.o(RESET) refers to stm32f1xx_it.o(.text.DebugMon_Handler) for DebugMon_Handler
    startup_stm32f103xb.o(RESET) refers to stm32f1xx_it.o(.text.PendSV_Handler) for PendSV_Handler
    startup_stm32f103xb.o(RESET) refers to stm32f1xx_it.o(.text.SysTick_Handler) for SysTick_Handler
    startup_stm32f103xb.o(RESET) refers to stm32f1xx_it.o(.text.EXTI0_IRQHandler) for EXTI0_IRQHandler
    startup_stm32f103xb.o(RESET) refers to stm32f1xx_it.o(.text.EXTI3_IRQHandler) for EXTI3_IRQHandler
    startup_stm32f103xb.o(RESET) refers to stm32f1xx_it.o(.text.EXTI4_IRQHandler) for EXTI4_IRQHandler
    startup_stm32f103xb.o(RESET) refers to stm32f1xx_it.o(.text.TIM3_IRQHandler) for TIM3_IRQHandler
    startup_stm32f103xb.o(.text) refers (Special) to heapauxi.o(.text) for __use_two_region_memory
    startup_stm32f103xb.o(.text) refers to system_stm32f1xx.o(.text.SystemInit) for SystemInit
    startup_stm32f103xb.o(.text) refers to __main.o(!!!main) for __main
    startup_stm32f103xb.o(.text) refers to startup_stm32f103xb.o(HEAP) for Heap_Mem
    startup_stm32f103xb.o(.text) refers to startup_stm32f103xb.o(STACK) for Stack_Mem
    i2c-lcd.o(.text.lcd_send_cmd) refers to main.o(.bss.hi2c1) for hi2c1
    i2c-lcd.o(.text.lcd_send_cmd) refers to stm32f1xx_hal_i2c.o(.text.HAL_I2C_Master_Transmit) for HAL_I2C_Master_Transmit
    i2c-lcd.o(.ARM.exidx.text.lcd_send_cmd) refers to i2c-lcd.o(.text.lcd_send_cmd) for [Anonymous Symbol]
    i2c-lcd.o(.text.lcd_send_data) refers to main.o(.bss.hi2c1) for hi2c1
    i2c-lcd.o(.text.lcd_send_data) refers to stm32f1xx_hal_i2c.o(.text.HAL_I2C_Master_Transmit) for HAL_I2C_Master_Transmit
    i2c-lcd.o(.ARM.exidx.text.lcd_send_data) refers to i2c-lcd.o(.text.lcd_send_data) for [Anonymous Symbol]
    i2c-lcd.o(.text.lcd_clear) refers to i2c-lcd.o(.text.lcd_send_cmd) for lcd_send_cmd
    i2c-lcd.o(.text.lcd_clear) refers to i2c-lcd.o(.text.lcd_send_data) for lcd_send_data
    i2c-lcd.o(.ARM.exidx.text.lcd_clear) refers to i2c-lcd.o(.text.lcd_clear) for [Anonymous Symbol]
    i2c-lcd.o(.text.lcd_put_cur) refers to i2c-lcd.o(.text.lcd_send_cmd) for lcd_send_cmd
    i2c-lcd.o(.ARM.exidx.text.lcd_put_cur) refers to i2c-lcd.o(.text.lcd_put_cur) for [Anonymous Symbol]
    i2c-lcd.o(.text.lcd_init) refers to stm32f1xx_hal.o(.text.HAL_Delay) for HAL_Delay
    i2c-lcd.o(.text.lcd_init) refers to i2c-lcd.o(.text.lcd_send_cmd) for lcd_send_cmd
    i2c-lcd.o(.ARM.exidx.text.lcd_init) refers to i2c-lcd.o(.text.lcd_init) for [Anonymous Symbol]
    i2c-lcd.o(.text.lcd_send_string) refers to i2c-lcd.o(.text.lcd_send_data) for lcd_send_data
    i2c-lcd.o(.ARM.exidx.text.lcd_send_string) refers to i2c-lcd.o(.text.lcd_send_string) for [Anonymous Symbol]
    funtion.o(.text.DELAY_US) refers to main.o(.bss.htim1) for htim1
    funtion.o(.ARM.exidx.text.DELAY_US) refers to funtion.o(.text.DELAY_US) for [Anonymous Symbol]
    funtion.o(.text.DELAY_COUNT) refers to main.o(.bss.count) for count
    funtion.o(.text.DELAY_COUNT) refers to funtion.o(.text.UPDATE_TEMPERATURE) for UPDATE_TEMPERATURE
    funtion.o(.ARM.exidx.text.DELAY_COUNT) refers to funtion.o(.text.DELAY_COUNT) for [Anonymous Symbol]
    funtion.o(.text.DISPLAY_LCD) refers to i2c-lcd.o(.text.lcd_init) for lcd_init
    funtion.o(.text.DISPLAY_LCD) refers to funtion.o(.rodata.str1.1) for .L.str
    funtion.o(.text.DISPLAY_LCD) refers to i2c-lcd.o(.text.lcd_send_string) for lcd_send_string
    funtion.o(.text.DISPLAY_LCD) refers to i2c-lcd.o(.text.lcd_put_cur) for lcd_put_cur
    funtion.o(.text.DISPLAY_LCD) refers to stm32f1xx_hal.o(.text.HAL_Delay) for HAL_Delay
    funtion.o(.text.DISPLAY_LCD) refers to i2c-lcd.o(.text.lcd_clear) for lcd_clear
[...]
    x$fpl$f2d                                0x08005424   Section       86  f2d.o(x$fpl$f2d)
    x$fpl$fcmp                               0x0800547a   Section       84  fcmp.o(x$fpl$fcmp)
    x$fpl$fcmpinf                            0x080054ce   Section       24  fcmpi.o(x$fpl$fcmpinf)
    _fdiv1                                   0x080054e9   Thumb Code     0  fdiv.o(x$fpl$fdiv)
    x$fpl$fdiv                               0x080054e8   Section      388  fdiv.o(x$fpl$fdiv)
    x$fpl$feqf                               0x0800566c   Section      104  feqf.o(x$fpl$feqf)
    x$fpl$fflt                               0x080056d4   Section       48  fflt_clz.o(x$fpl$fflt)
    x$fpl$ffltu                              0x08005704   Section       38  fflt_clz.o(x$fpl$ffltu)
    x$fpl$fgeqf                              0x0800572c   Section      104  fgeqf.o(x$fpl$fgeqf)
    x$fpl$fleqf                              0x08005794   Section      104  fleqf.o(x$fpl$fleqf)
    x$fpl$fnaninf                            0x080057fc   Section      140  fnaninf.o(x$fpl$fnaninf)
    x$fpl$fretinf                            0x08005888   Section       10  fretinf.o(x$fpl$fretinf)
    x$fpl$printf1                            0x08005892   Section        4  printf1.o(x$fpl$printf1)
    x$fpl$printf2                            0x08005896   Section        4  printf2.o(x$fpl$printf2)
    x$fpl$usenofp                            0x0800589a   Section        0  usenofp.o(x$fpl$usenofp)
    initial_mbstate                          0x0800589c   Data           8  _printf_wctomb.o(.constdata)
    .constdata                               0x0800589c   Section        8  _printf_wctomb.o(.constdata)
    uc_hextab                                0x080058a4   Data          20  _printf_hex_int_ll_ptr.o(.constdata)
    .constdata                               0x080058a4   Section       40  _printf_hex_int_ll_ptr.o(.constdata)
    lc_hextab                                0x080058b8   Data          20  _printf_hex_int_ll_ptr.o(.constdata)
    maptable                                 0x080058cc   Data          17  __printf_flags_ss_wp.o(.constdata)
    .constdata                               0x080058cc   Section       17  __printf_flags_ss_wp.o(.constdata)
    lc_hextab                                0x080058dd   Data          19  _printf_fp_hex.o(.constdata)
    .constdata                               0x080058dd   Section       38  _printf_fp_hex.o(.constdata)
    uc_hextab                                0x080058f0   Data          19  _printf_fp_hex.o(.constdata)
    tenpwrs_x                                0x08005904   Data          60  bigflt0.o(.constdata)
    .constdata                               0x08005904   Section      148  bigflt0.o(.constdata)
    tenpwrs_i                                0x08005940   Data          64  bigflt0.o(.constdata)
    HAL_RCC_GetSysClockFreq.aPLLMULFactorTable 0x080059b0   Data          16  stm32f1xx_hal_rcc.o(.rodata.HAL_RCC_GetSysClockFreq.aPLLMULFactorTable)
    [Anonymous Symbol]                       0x080059b0   Section        0  stm32f1xx_hal_rcc.o(.rodata.HAL_RCC_GetSysClockFreq.aPLLMULFactorTable)
    HAL_RCC_GetSysClockFreq.aPredivFactorTable 0x080059c0   Data           2  stm32f1xx_hal_rcc.o(.rodata.HAL_RCC_GetSysClockFreq.aPredivFactorTable)
    [Anonymous Symbol]                       0x080059c0   Section        0  stm32f1xx_hal_rcc.o(.rodata.HAL_RCC_GetSysClockFreq.aPredivFactorTable)
    .L.str                                   0x080059c5   Data          16  funtion.o(.rodata.str1.1)
    .L.str.4                                 0x080059c5   Data           8  funtion.o(.rodata.str1.1)
    [Anonymous Symbol]                       0x080059c5   Section        0  funtion.o(.rodata.str1.1)
    .L.str.21                                0x080059cd   Data           8  funtion.o(.rodata.str1.1)
    .L.str.1                                 0x080059d5   Data          19  funtion.o(.rodata.str1.1)
    .L.str.20                                0x080059d5   Data           8  funtion.o(.rodata.str1.1)
    .L.str.13                                0x080059dd   Data           9  funtion.o(.rodata.str1.1)
    .L.str.17                                0x080059e6   Data           9  funtion.o(.rodata.str1.1)
    .L.str.14                                0x080059ef   Data           8  funtion.o(.rodata.str1.1)
    .L.str.16                                0x080059f7   Data           8  funtion.o(.rodata.str1.1)
    .L.str.12                                0x080059ff   Data          10  funtion.o(.rodata.str1.1)
    .L.str.19                                0x08005a09   Data          16  funtion.o(.rodata.str1.1)
    .L.str.6                                 0x08005a19   Data          15  funtion.o(.rodata.str1.1)
    .L.str.7                                 0x08005a27   Data          11  funtion.o(.rodata.str1.1)
    .L.str.8                                 0x08005a28   Data          15  funtion.o(.rodata.str1.1)
    .L.str.18                                0x08005a37   Data          10  funtion.o(.rodata.str1.1)
    .L.str.15                                0x08005a41   Data           9  funtion.o(.rodata.str1.1)
    .L.str.9                                 0x08005a41   Data          13  funtion.o(.rodata.str1.1)
    .L.str.2                                 0x08005a4a   Data          17  funtion.o(.rodata.str1.1)
    .L.str.5                                 0x08005a5b   Data          17  funtion.o(.rodata.str1.1)
    .L.str.3                                 0x08005a6c   Data           6  funtion.o(.rodata.str1.1)
    .L.str.10                                0x08005a72   Data           7  funtion.o(.rodata.str1.1)
    .L.str.11                                0x08005a79   Data           7  funtion.o(.rodata.str1.1)
    locale$$data                             0x08005aa0   Section       28  lc_numeric_c.o(locale$$data)
    __lcnum_c_name                           0x08005aa4   Data           2  lc_numeric_c.o(locale$$data)
    __lcnum_c_start                          0x08005aac   Data           0  lc_numeric_c.o(locale$$data)
    __lcnum_c_point                          0x08005ab8   Data           0  lc_numeric_c.o(locale$$data)
    __lcnum_c_thousands                      0x08005aba   Data           0  lc_numeric_c.o(locale$$data)
    __lcnum_c_grouping                       0x08005abb   Data           0  lc_numeric_c.o(locale$$data)
    __lcnum_c_end                            0x08005abc   Data           0  lc_numeric_c.o(locale$$data)
    locale$$data                             0x08005abc   Section      272  lc_ctype_c.o(locale$$data)
    __lcctype_c_name                         0x08005ac0   Data           2  lc_ctype_c.o(locale$$data)
    __lcctype_c_start                        0x08005ac8   Data           0  lc_ctype_c.o(locale$$data)
    __lcctype_c_end                          0x08005bcc   Data           0  lc_ctype_c.o(locale$$data)
    .bss                                     0x20000010   Section       96  libspace.o(.bss)
    Heap_Mem                                 0x20000170   Data         512  startup_stm32f103xb.o(HEAP)
    HEAP                                     0x20000170   Section      512  startup_stm32f103xb.o(HEAP)
    Stack_Mem                                0x20000370   Data        1024  startup_stm32f103xb.o(STACK)
    STACK                                    0x20000370   Section     1024  startup_stm32f103xb.o(STACK)
    __initial_sp                             0x20000770   Data           0  startup_stm32f103xb.o(STACK)

    Global Symbols

    Symbol Name                              Value     Ov Type        Size  Object(Section)

    BuildAttributes$$THM_ISAv4$P$D$K$B$S$PE$A:L22UL41UL21$X:L11$S22US41US21$IEEE1$IW$~IW$USESV6$~STKCKD$USESV7$~SHL$OTIME$ROPI$IEEEJ$EBA8$UX$STANDARDLIB$REQ8$PRES8$EABIv2 0x00000000   Number         0  anon$$obj.o ABSOLUTE
    __fp_init_empty                          0x00000000   Number         0  fpinit_empty.o ABSOLUTE
    _printf_flags                            0x00000000   Number         0  printf_stubs.o ABSOLUTE
    _printf_return_value                     0x00000000   Number         0  printf_stubs.o ABSOLUTE
    _printf_sizespec                         0x00000000   Number         0  printf_stubs.o ABSOLUTE
    _printf_widthprec                        0x00000000   Number         0  printf_stubs.o ABSOLUTE
    __ARM_exceptions_init                     - Undefined Weak Reference
    __alloca_initialize                       - Undefined Weak Reference
    __arm_preinit_                            - Undefined Weak Reference
    __arm_relocate_pie_                       - Undefined Weak Reference
    __cpp_initialize__aeabi_                  - Undefined Weak Reference
    __cxa_finalize                            - Undefined Weak Reference
    __sigvec_lookup                           - Undefined Weak Reference
    _atexit_init                              - Undefined Weak Reference
    _call_atexit_fns                          - Undefined Weak Reference
    _clock_init                               - Undefined Weak Reference
    _fp_trap_init                             - Undefined Weak Reference
    _fp_trap_shutdown                         - Undefined Weak Reference
    _get_lc_collate                           - Undefined Weak Reference
    _get_lc_monetary                          - Undefined Weak Reference
    _get_lc_time                              - Undefined Weak Reference
    _getenv_init                              - Undefined Weak Reference
    _handle_redirection                       - Undefined Weak Reference
    _init_alloc                               - Undefined Weak Reference
    _init_user_alloc                          - Undefined Weak Reference
    _initio                                   - Undefined Weak Reference
    _printf_mbtowc                            - Undefined Weak Reference
    _printf_wc                                - Undefined Weak Reference
    _rand_init                                - Undefined Weak Reference
    _signal_finish                            - Undefined Weak Reference
    _signal_init                              - Undefined Weak Reference
    _terminate_alloc                          - Undefined Weak Reference
    _terminate_user_alloc                     - Undefined Weak Reference
    _terminateio                              - Undefined Weak Reference
    __Vectors_Size                           0x000000ec   Number         0  startup_stm32f103xb.o ABSOLUTE
    __Vectors                                0x08000000   Data           4  startup_stm32f103xb.o(RESET)
    __Vectors_End                            0x080000ec   Data           0  startup_stm32f103xb.o(RESET)
    __main                                   0x080000ed   Thumb Code     8  __main.o(!!!main)
    __scatterload                            0x080000f5   Thumb Code     0  __scatter.o(!!!scatter)
    __scatterload_rt2                        0x080000f5   Thumb Code    44  __scatter.o(!!!scatter)
    __scatterload_rt2_thumb_only             0x080000f5   Thumb Code     0  __scatter.o(!!!scatter)
    __scatterload_null                       0x08000103   Thumb Code     0  __scatter.o(!!!scatter)
    __scatterload_copy                       0x08000129   Thumb Code    26  __scatter_copy.o(!!handler_copy)
    __scatterload_zeroinit                   0x08000145   Thumb Code    28  __scatter_zi.o(!!handler_zi)
    _printf_n                                0x08000161   Thumb Code     0  _printf_n.o(.ARM.Collect$$_printf_percent$$00000001)
    _printf_percent                          0x08000161   Thumb Code     0  _printf_percent.o(.ARM.Collect$$_printf_percent$$00000000)
    _printf_p                                0x08000167   Thumb Code     0  _printf_p.o(.ARM.Collect$$_printf_percent$$00000002)
    _printf_f                                0x0800016d   Thumb Code     0  _printf_f.o(.ARM.Collect$$_printf_percent$$00000003)
    _printf_e                                0x08000173   Thumb Code     0  _printf_e.o(.ARM.Collect$$_printf_percent$$00000004)
    _printf_g                                0x08000179   Thumb Code     0  _printf_g.o(.ARM.Collect$$_printf_percent$$00000005)
    _printf_a                                0x0800017f   Thumb Code     0  _printf_a.o(.ARM.Collect$$_printf_percent$$00000006)
    _printf_ll                               0x08000185   Thumb Code     0  _printf_ll.o(.ARM.Collect$$_printf_percent$$00000007)
    _printf_i                                0x0800018f   Thumb Code     0  _printf_i.o(.ARM.Collect$$_printf_percent$$00000008)
    _printf_d                                0x08000195   Thumb Code     0  _printf_d.o(.ARM.Collect$$_printf_percent$$00000009)
    _printf_u                                0x0800019b   Thumb Code     0  _printf_u.o(.ARM.Collect$$_printf_percent$$0000000A)
    _printf_o                                0x080001a1   Thumb Code     0  _printf_o.o(.ARM.Collect$$_printf_percent$$0000000B)
    _printf_x                                0x080001a7   Thumb Code     0  _printf_x.o(.ARM.Collect$$_printf_percent$$0000000C)
    _printf_lli                              0x080001ad   Thumb Code     0  _printf_lli.o(.ARM.Collect$$_printf_percent$$0000000D)
    _printf_lld                              0x080001b3   Thumb Code     0  _printf_lld.o(.ARM.Collect$$_printf_percent$$0000000E)
    _printf_llu                              0x080001b9   Thumb Code     0  _printf_llu.o(.ARM.Collect$$_printf_percent$$0000000F)
    _printf_llo                              0x080001bf   Thumb Code     0  _printf_llo.o(.ARM.Collect$$_printf_percent$$00000010)
    _printf_llx                              0x080001c5   Thumb Code     0  _printf_llx.o(.ARM.Collect$$_printf_percent$$00000011)
    _printf_l                                0x080001cb   Thumb Code     0  _printf_l.o(.ARM.Collect$$_printf_percent$$00000012)
    _printf_c                                0x080001d5   Thumb Code     0  _printf_c.o(.ARM.Collect$$_printf_percent$$00000013)
    _printf_s                                0x080001db   Thumb Code     0  _printf_s.o(.ARM.Collect$$_printf_percent$$00000014)
    _printf_lc                               0x080001e1   Thumb Code     0  _printf_lc.o(.ARM.Collect$$_printf_percent$$00000015)
    _printf_ls                               0x080001e7   Thumb Code     0  _printf_ls.o(.ARM.Collect$$_printf_percent$$00000016)
    _printf_percent_end                      0x080001ed   Thumb Code     0  _printf_percent_end.o(.ARM.Collect$$_printf_percent$$00000017)
    __rt_lib_init                            0x080001f1   Thumb Code     0  libinit.o(.ARM.Collect$$libinit$$00000000)
    __rt_lib_init_fp_1                       0x080001f3   Thumb Code     0  libinit2.o(.ARM.Collect$$libinit$$00000002)
    __rt_lib_init_heap_1                     0x080001f3   Thumb Code     0  libinit2.o(.ARM.Collect$$libinit$$0000000C)
    __rt_lib_init_lc_common                  0x080001f3   Thumb Code     0  libinit2.o(.ARM.Collect$$libinit$$00000011)
    __rt_lib_init_preinit_1                  0x080001f3   Thumb Code     0  libinit2.o(.ARM.Collect$$libinit$$00000006)
    __rt_lib_init_rand_1                     0x080001f3   Thumb Code     0  libinit2.o(.ARM.Collect$$libinit$$00000010)
    __rt_lib_init_relocate_pie_1             0x080001f3   Thumb Code     0  libinit2.o(.ARM.Collect$$libinit$$00000004)
    __rt_lib_init_user_alloc_1               0x080001f3   Thumb Code     0  libinit2.o(.ARM.Collect$$libinit$$0000000E)
    __rt_lib_init_lc_collate_1               0x080001f9   Thumb Code     0  libinit2.o(.ARM.Collect$$libinit$$00000013)
    __rt_lib_init_lc_ctype_2                 0x080001f9   Thumb Code     0  libinit2.o(.ARM.Collect$$libinit$$00000014)
    __rt_lib_init_lc_ctype_1                 0x08000205   Thumb Code     0  libinit2.o(.ARM.Collect$$libinit$$00000015)
    __rt_lib_init_lc_monetary_1              0x08000205   Thumb Code     0  libinit2.o(.ARM.Collect$$libinit$$00000017)
    __rt_lib_init_lc_numeric_2               0x08000205   Thumb Code     0  libinit2.o(.ARM.Collect$$libinit$$00000018)
    __rt_lib_init_alloca_1                   0x0800020f   Thumb Code     0  libinit2.o(.ARM.Collect$$libinit$$00000030)
    __rt_lib_init_argv_1                     0x0800020f   Thumb Code     0  libinit2.o(.ARM.Collect$$libinit$$0000002E)
    __rt_lib_init_atexit_1                   0x0800020f   Thumb Code     0  libinit2.o(.ARM.Collect$$libinit$$0000001D)
    __rt_lib_init_clock_1                    0x0800020f   Thumb Code     0  libinit2.o(.ARM.Collect$$libinit$$00000023)
    __rt_lib_init_cpp_1                      0x0800020f   Thumb Code     0  libinit2.o(.ARM.Collect$$libinit$$00000034)
    __rt_lib_init_exceptions_1               0x0800020f   Thumb Code     0  libinit2.o(.ARM.Collect$$libinit$$00000032)
    __rt_lib_init_fp_trap_1                  0x0800020f   Thumb Code     0  libinit2.o(.ARM.Collect$$libinit$$00000021)
    __rt_lib_init_getenv_1                   0x0800020f   Thumb Code     0  libinit2.o(.ARM.Collect$$libinit$$00000025)
    __rt_lib_init_lc_numeric_1               0x0800020f   Thumb Code     0  libinit2.o(.ARM.Collect$$libinit$$00000019)
    __rt_lib_init_lc_time_1                  0x0800020f   Thumb Code     0  libinit2.o(.ARM.Collect$$libinit$$0000001B)
    __rt_lib_init_return                     0x0800020f   Thumb Code     0  libinit2.o(.ARM.Collect$$libinit$$00000035)
    __rt_lib_init_signal_1                   0x0800020f   Thumb Code     0  libinit2.o(.ARM.Collect$$libinit$$0000001F)
    __rt_lib_init_stdio_1                    0x0800020f   Thumb Code     0  libinit2.o(.ARM.Collect$$libinit$$00000027)
    __rt_lib_shutdown                        0x08000211   Thumb Code     0  libshutdown.o(.ARM.Collect$$libshutdown$$00000000)
    __rt_lib_shutdown_cpp_1                  0x08000213   Thumb Code     0  libshutdown2.o(.ARM.Collect$$libshutdown$$00000002)
    __rt_lib_shutdown_fp_trap_1              0x08000213   Thumb Code     0  libshutdown2.o(.ARM.Collect$$libshutdown$$00000007)
    __rt_lib_shutdown_heap_1                 0x08000213   Thumb Code     0  libshutdown2.o(.ARM.Collect$$libshutdown$$0000000F)
    __rt_lib_shutdown_return                 0x08000213   Thumb Code     0  libshutdown2.o(.ARM.Collect$$libshutdown$$00000010)
    __rt_lib_shutdown_signal_1               0x08000213   Thumb Code     0  libshutdown2.o(.ARM.Collect$$libshutdown$$0000000A)
    __rt_lib_shutdown_stdio_1                0x08000213   Thumb Code     0  libshutdown2.o(.ARM.Collect$$libshutdown$$00000004)
    __rt_lib_shutdown_user_alloc_1           0x08000213   Thumb Code     0  libshutdown2.o(.ARM.Collect$$libshutdown$$0000000C)
    __rt_entry                               0x08000215   Thumb Code     0  __rtentry.o(.ARM.Collect$$rtentry$$00000000)
    __rt_entry_presh_1                       0x08000215   Thumb Code     0  __rtentry2.o(.ARM.Collect$$rtentry$$00000002)
    __rt_entry_sh                            0x08000215   Thumb Code     0  __rtentry4.o(.ARM.Collect$$rtentry$$00000004)
    __rt_entry_li                            0x0800021b   Thumb Code     0  __rtentry2.o(.ARM.Collect$$rtentry$$0000000A)
    __rt_entry_postsh_1                      0x0800021b   Thumb Code     0  __rtentry2.o(.ARM.Collect$$rtentry$$00000009)
    __rt_entry_main                          0x0800021f   Thumb Code     0  __rtentry2.o(.ARM.Collect$$rtentry$$0000000D)
    __rt_entry_postli_1                      0x0800021f   Thumb Code     0  __rtentry2.o(.ARM.Collect$$rtentry$$0000000C)
    __rt_exit                                0x08000227   Thumb Code     0  rtexit.o(.ARM.Collect$$rtexit$$00000000)
    __rt_exit_ls                             0x08000229   Thumb Code     0  rtexit2.o(.ARM.Collect$$rtexit$$00000003)
    __rt_exit_prels_1                        0x08000229   Thumb Code     0  rtexit2.o(.ARM.Collect$$rtexit$$00000002)
    __rt_exit_exit                           0x0800022d   Thumb Code     0  rtexit2.o(.ARM.Collect$$rtexit$$00000004)
    Reset_Handler                            0x08000235   Thumb Code     8  startup_stm32f103xb.o(.text)
    ADC1_2_IRQHandler                        0x0800024f   Thumb Code     0  startup_stm32f103xb.o(.text)
    CAN1_RX1_IRQHandler                      0x0800024f   Thumb Code     0  startup_stm32f103xb.o(.text)
    CAN1_SCE_IRQHandler                      0x0800024f   Thumb Code     0  startup_stm32f103xb.o(.text)
    DMA1_Channel1_IRQHandler                 0x0800024f   Thumb Code     0  startup_stm32f103xb.o(.text)
    DMA1_Channel2_IRQHandler                 0x0800024f   Thumb Code     0  startup_stm32f103xb.o(.text)
    DMA1_Channel3_IRQHandler                 0x0800024f   Thumb Code     0  startup_stm32f103xb.o(.text)
    DMA1_Channel4_IRQHandler                 0x0800024f   Thumb Code     0  startup_stm32f103xb.o(.text)
    DMA1_Channel5_IRQHandler                 0x0800024f   Thumb Code     0  startup_stm32f103xb.o(.text)
    DMA1_Channel6_IRQHandler                 0x0800024f   Thumb Code     0  startup_stm32f103xb.o(.text)
    DMA1_Channel7_IRQHandler                 0x0800024f   Thumb Code     0  startup_stm32f103xb.o(.text)
    EXTI15_10_IRQHandler                     0x0800024f   Thumb Code     0  startup_stm32f103xb.o(.text)
    EXTI1_IRQHandler                         0x0800024f   Thumb Code     0  startup_stm32f103xb.o(.text)
    EXTI2_IRQHandler                         0x0800024f   Thumb Code     0  startup_stm32f103xb.o(.text)
    EXTI9_5_IRQHandler                       0x0800024f   Thumb Code     0  startup_stm32f103xb.o(.text)
    FLASH_IRQHandler                         0x0800024f   Thumb Code     0  startup_stm32f103xb.o(.text)
    I2C1_ER_IRQHandler                       0x0800024f   Thumb Code     0  startup_stm32f103xb.o(.text)
    I2C1_EV_IRQHandler                       0x0800024f   Thumb Code     0  startup_stm32f103xb.o(.text)
    I2C2_ER_IRQHandler                       0x0800024f   Thumb Code     0  startup_stm32f103xb.o(.text)
    I2C2_EV_IRQHandler                       0x0800024f   Thumb Code     0  startup_stm32f103xb.o(.text)
    PVD_IRQHandler                           0x0800024f   Thumb Code     0  startup_stm32f103xb.o(.text)
    RCC_IRQHandler                           0x0800024f   Thumb Code     0  startup_stm32f103xb.o(.text)
    RTC_Alarm_IRQHandler                     0x0800024f   Thumb Code     0  startup_stm32f103xb.o(.text)
    RTC_IRQHandler                           0x0800024f   Thumb Code     0  startup_stm32f103xb.o(.text)
    SPI1_IRQHandler                          0x0800024f   Thumb Code     0  startup_stm32f103xb.o(.text)
    SPI2_IRQHandler                          0x0800024f   Thumb Code     0  startup_stm32f103xb.o(.text)
    TAMPER_IRQHandler                        0x0800024f   Thumb Code     0  startup_stm32f103xb.o(.text)
    TIM1_BRK_IRQHandler                      0x0800024f   Thumb Code     0  startup_stm32f103xb.o(.text)
    TIM1_CC_IRQHandler                       0x0800024f   Thumb Code     0  startup_stm32f103xb.o(.text)
    TIM1_TRG_COM_IRQHandler                  0x0800024f   Thumb Code     0  startup_stm32f103xb.o(.text)
    TIM1_UP_IRQHandler                       0x0800024f   Thumb Code     0  startup_stm32f103xb.o(.text)
    TIM2_IRQHandler                          0x0800024f   Thumb Code     0  startup_stm32f103xb.o(.text)
    TIM4_IRQHandler                          0x0800024f   Thumb Code     0  startup_stm32f103xb.o(.text)
    USART1_IRQHandler                        0x0800024f   Thumb Code     0  startup_stm32f103xb.o(.text)
    USART2_IRQHandler                        0x0800024f   Thumb Code     0  startup_stm32f103xb.o(.text)
    USART3_IRQHandler                        0x0800024f   Thumb Code     0  startup_stm32f103xb.o(.text)
    USBWakeUp_IRQHandler                     0x0800024f   Thumb Code     0  startup_stm32f103xb.o(.text)
    USB_HP_CAN1_TX_IRQHandler                0x0800024f   Thumb Code     0  startup_stm32f103xb.o(.text)
    USB_LP_CAN1_RX0_IRQHandler               0x0800024f   Thumb Code     0  startup_stm32f103xb.o(.text)
    WWDG_IRQHandler                          0x0800024f   Thumb Code     0  startup_stm32f103xb.o(.text)
    __user_initial_stackheap                 0x08000251   Thumb Code     0  startup_stm32f103xb.o(.text)
    sprintf                                  0x08000275   Thumb Code    38  sprintf.o(.text)
    __aeabi_memclr4                          0x080002a1   Thumb Code     0  rt_memclr_w.o(.text)
    __aeabi_memclr8                          0x080002a1   Thumb Code     0  rt_memclr_w.o(.text)
    __rt_memclr_w                            0x080002a1   Thumb Code     0  rt_memclr_w.o(.text)
    _memset_w                                0x080002a5   Thumb Code    74  rt_memclr_w.o(.text)
    __use_two_region_memory                  0x080002ef   Thumb Code     2  heapauxi.o(.text)
    __rt_heap_escrow$2region                 0x080002f1   Thumb Code     2  heapauxi.o(.text)
    __rt_heap_expand$2region                 0x080002f3   Thumb Code     2  heapauxi.o(.text)
    _printf_pre_padding                      0x080002f5   Thumb Code    44  _printf_pad.o(.text)
    _printf_post_padding                     0x08000321   Thumb Code    34  _printf_pad.o(.text)
    _printf_truncate_signed                  0x08000343   Thumb Code    18  _printf_truncate.o(.text)
    _printf_truncate_unsigned                0x08000355   Thumb Code    18  _printf_truncate.o(.text)
    _printf_str                              0x08000367   Thumb Code    82  _printf_str.o(.text)
    _printf_int_dec                          0x080003b9   Thumb Code   104  _printf_dec.o(.text)
    _printf_charcount                        0x08000431   Thumb Code    40  _printf_charcount.o(.text)
    _printf_char_common                      0x08000463   Thumb Code    32  _printf_char_common.o(.text)
    _sputc                                   0x08000489   Thumb Code    10  _sputc.o(.text)
    _printf_wctomb                           0x08000495   Thumb Code   182  _printf_wctomb.o(.text)
    _printf_longlong_dec                     0x08000551   Thumb Code   108  _printf_longlong_dec.o(.text)
    _printf_longlong_oct                     0x080005cd   Thumb Code    68  _printf_oct_int_ll.o(.text)
    _printf_int_oct                          0x08000611   Thumb Code    24  _printf_oct_int_ll.o(.text)
    _printf_ll_oct                           0x08000629   Thumb Code    12  _printf_oct_int_ll.o(.text)
    _printf_longlong_hex                     0x0800063d   Thumb Code    86  _printf_hex_int_ll_ptr.o(.text)
    _printf_int_hex                          0x08000693   Thumb Code    28  _printf_hex_int_ll_ptr.o(.text)
    _printf_ll_hex                           0x080006af   Thumb Code    12  _printf_hex_int_ll_ptr.o(.text)
    _printf_hex_ptr                          0x080006bb   Thumb Code    18  _printf_hex_int_ll_ptr.o(.text)
    __printf                                 0x080006d1   Thumb Code   388  __printf_flags_ss_wp.o(.text)
    _ll_udiv10                               0x08000859   Thumb Code   138  lludiv10.o(.text)
    _printf_int_common                       0x080008e3   Thumb Code   178  _printf_intcommon.o(.text)
    _printf_fp_dec_real                      0x08000b45   Thumb Code   620  _printf_fp_dec.o(.text)
    _printf_fp_hex_real                      0x08000db1   Thumb Code   756  _printf_fp_hex.o(.text)
    _printf_cs_common                        0x080010ad   Thumb Code    20  _printf_char.o(.text)
    _printf_char                             0x080010c1   Thumb Code    16  _printf_char.o(.text)
    _printf_string                           0x080010d1   Thumb Code     8  _printf_char.o(.text)
    _printf_lcs_common                       0x080010d9   Thumb Code    20  _printf_wchar.o(.text)
    _printf_wchar                            0x080010ed   Thumb Code    16  _printf_wchar.o(.text)
    _printf_wstring                          0x080010fd   Thumb Code     8  _printf_wchar.o(.text)
    _c16rtomb                                0x08001105   Thumb Code    72  _c16rtomb.o(.text)
    _wcrtomb                                 0x08001105   Thumb Code     0  _c16rtomb.o(.text)
    __user_setup_stackheap                   0x0800114d   Thumb Code    74  sys_stackheap_outer.o(.text)
    __rt_ctype_table                         0x08001199   Thumb Code    16  rt_ctype_table.o(.text)
    __rt_locale                              0x080011a9   Thumb Code     8  rt_locale_intlibspace.o(.text)
    _printf_fp_infnan                        0x080011b1   Thumb Code   112  _printf_fp_infnan.o(.text)
    _btod_etento                             0x08001231   Thumb Code   224  bigflt0.o(.text)
    exit                                     0x08001315   Thumb Code    18  exit.o(.text)
    __user_libspace                          0x08001329   Thumb Code     8  libspace.o(.text)
    __user_perproc_libspace                  0x08001329   Thumb Code     0  libspace.o(.text)
    __user_perthread_libspace                0x08001329   Thumb Code     0  libspace.o(.text)
    strcmp                                   0x08001331   Thumb Code   128  strcmpv7m.o(.text)
    _sys_exit                                0x080013b1   Thumb Code     8  sys_exit.o(.text)
    __I$use$semihosting                      0x080013bd   Thumb Code     0  use_no_semi.o(.text)
    __use_no_semihosting_swi                 0x080013bd   Thumb Code     2  use_no_semi.o(.text)
    __semihosting_library_function           0x080013bf   Thumb Code     0  indicate_semi.o(.text)
    BusFault_Handler                         0x080013c1   Thumb Code     4  stm32f1xx_it.o(.text.BusFault_Handler)
    CHECK_PRESS_POWER_BUTTON                 0x080013c5   Thumb Code   108  funtion.o(.text.CHECK_PRESS_POWER_BUTTON)
    CLOSE_BOILER_HEATER                      0x08001431   Thumb Code    20  funtion.o(.text.CLOSE_BOILER_HEATER)
    CLOSE_DOOR_TO_WASH                       0x08001445   Thumb Code   224  funtion.o(.text.CLOSE_DOOR_TO_WASH)
    CLOSE_PUMP_MECHICAL_RINSE                0x08001525   Thumb Code    20  funtion.o(.text.CLOSE_PUMP_MECHICAL_RINSE)
    CLOSE_PUMP_MECHICAL_WASH                 0x08001539   Thumb Code    20  funtion.o(.text.CLOSE_PUMP_MECHICAL_WASH)
    CLOSE_PUMP_RINSE                         0x0800154d   Thumb Code    34  funtion.o(.text.CLOSE_PUMP_RINSE)
    CLOSE_PUMP_WASH                          0x08001571   Thumb Code    22  funtion.o(.text.CLOSE_PUMP_WASH)
    CLOSE_TANK_HEATER                        0x08001589   Thumb Code    22  funtion.o(.text.CLOSE_TANK_HEATER)
    CLOSE_VALVE                              0x080015a1   Thumb Code    22  funtion.o(.text.CLOSE_VALVE)
    DELAY_COUNT                              0x080015b9   Thumb Code    50  funtion.o(.text.DELAY_COUNT)
    DELAY_US                                 0x080015ed   Thumb Code    46  funtion.o(.text.DELAY_US)
    DISPLAY_TEMPORATURE_BOILER               0x0800161d   Thumb Code    66  funtion.o(.text.DISPLAY_TEMPORATURE_BOILER)
    DISPLAY_TEMPORATURE_TANK                 0x08001661   Thumb Code    68  funtion.o(.text.DISPLAY_TEMPORATURE_TANK)
    DS18B20_BOILER_Read                      0x080016a5   Thumb Code   142  funtion.o(.text.DS18B20_BOILER_Read)
    DS18B20_BOILER_Start                     0x08001735   Thumb Code   108  funtion.o(.text.DS18B20_BOILER_Start)
    DS18B20_BOILER_Write                     0x080017a1   Thumb Code   164  funtion.o(.text.DS18B20_BOILER_Write)
    DebugMon_Handler                         0x08001845   Thumb Code     2  stm32f1xx_it.o(.text.DebugMon_Handler)
    EXTI0_IRQHandler                         0x08001849   Thumb Code    10  stm32f1xx_it.o(.text.EXTI0_IRQHandler)
    EXTI3_IRQHandler                         0x08001855   Thumb Code    10  stm32f1xx_it.o(.text.EXTI3_IRQHandler)
    EXTI4_IRQHandler                         0x08001861   Thumb Code    10  stm32f1xx_it.o(.text.EXTI4_IRQHandler)
    Error_Handler                            0x0800186d   Thumb Code     2  main.o(.text.Error_Handler)
    HAL_Delay                                0x08001871   Thumb Code    66  stm32f1xx_hal.o(.text.HAL_Delay)
    HAL_GPIO_EXTI_Callback                   0x080018b5   Thumb Code   404  funtion.o(.text.HAL_GPIO_EXTI_Callback)
    HAL_GPIO_EXTI_IRQHandler                 0x08001a49   Thumb Code    56  stm32f1xx_hal_gpio.o(.text.HAL_GPIO_EXTI_IRQHandler)
    HAL_GPIO_Init                            0x08001a81   Thumb Code   798  stm32f1xx_hal_gpio.o(.text.HAL_GPIO_Init)
    HAL_GPIO_ReadPin                         0x08001da1   Thumb Code    46  stm32f1xx_hal_gpio.o(.text.HAL_GPIO_ReadPin)
    HAL_GPIO_TogglePin                       0x08001dd1   Thumb Code    38  stm32f1xx_hal_gpio.o(.text.HAL_GPIO_TogglePin)
    HAL_GPIO_WritePin                        0x08001df9   Thumb Code    46  stm32f1xx_hal_gpio.o(.text.HAL_GPIO_WritePin)
    HAL_GetTick                              0x08001e29   Thumb Code    12  stm32f1xx_hal.o(.text.HAL_GetTick)
    HAL_I2C_Init                             0x08001e35   Thumb Code   676  stm32f1xx_hal_i2c.o(.text.HAL_I2C_Init)
    HAL_I2C_Master_Transmit                  0x080020d9   Thumb Code   520  stm32f1xx_hal_i2c.o(.text.HAL_I2C_Master_Transmit)
    HAL_I2C_MspInit                          0x080022e1   Thumb Code   126  stm32f1xx_hal_msp.o(.text.HAL_I2C_MspInit)
    HAL_IncTick                              0x08002361   Thumb Code    26  stm32f1xx_hal.o(.text.HAL_IncTick)
    HAL_Init                                 0x0800237d   Thumb Code    44  stm32f1xx_hal.o(.text.HAL_Init)
    HAL_InitTick                             0x080023a9   Thumb Code   112  stm32f1xx_hal.o(.text.HAL_InitTick)
    HAL_MspInit                              0x08002419   Thumb Code   100  stm32f1xx_hal_msp.o(.text.HAL_MspInit)
    HAL_NVIC_DisableIRQ                      0x0800247d   Thumb Code    20  stm32f1xx_hal_cortex.o(.text.HAL_NVIC_DisableIRQ)
    HAL_NVIC_EnableIRQ                       0x08002491   Thumb Code    20  stm32f1xx_hal_cortex.o(.text.HAL_NVIC_EnableIRQ)
    HAL_NVIC_SetPriority                     0x080024a5   Thumb Code    50  stm32f1xx_hal_cortex.o(.text.HAL_NVIC_SetPriority)
    HAL_NVIC_SetPriorityGrouping             0x080024d9   Thumb Code    16  stm32f1xx_hal_cortex.o(.text.HAL_NVIC_SetPriorityGrouping)
    HAL_RCC_ClockConfig                      0x080024e9   Thumb Code   598  stm32f1xx_hal_rcc.o(.text.HAL_RCC_ClockConfig)
    HAL_RCC_GetHCLKFreq                      0x08002741   Thumb Code    12  stm32f1xx_hal_rcc.o(.text.HAL_RCC_GetHCLKFreq)
    HAL_RCC_GetPCLK1Freq                     0x0800274d   Thumb Code    34  stm32f1xx_hal_rcc.o(.text.HAL_RCC_GetPCLK1Freq)
    HAL_RCC_GetSysClockFreq                  0x08002771   Thumb Code   188  stm32f1xx_hal_rcc.o(.text.HAL_RCC_GetSysClockFreq)
    HAL_RCC_OscConfig                        0x0800282d   Thumb Code  1658  stm32f1xx_hal_rcc.o(.text.HAL_RCC_OscConfig)
    HAL_SYSTICK_Config                       0x08002ea9   Thumb Code    16  stm32f1xx_hal_cortex.o(.text.HAL_SYSTICK_Config)
    HAL_TIMEx_BreakCallback                  0x08002eb9   Thumb Code     8  stm32f1xx_hal_tim_ex.o(.text.HAL_TIMEx_BreakCallback)
    HAL_TIMEx_CommutCallback                 0x08002ec1   Thumb Code     8  stm32f1xx_hal_tim_ex.o(.text.HAL_TIMEx_CommutCallback)
    HAL_TIMEx_MasterConfigSynchronization    0x08002ec9   Thumb Code   220  stm32f1xx_hal_tim_ex.o(.text.HAL_TIMEx_MasterConfigSynchronization)
    HAL_TIM_Base_Init                        0x08002fa5   Thumb Code   156  stm32f1xx_hal_tim.o(.text.HAL_TIM_Base_Init)
    HAL_TIM_Base_MspInit                     0x08003041   Thumb Code   130  stm32f1xx_hal_msp.o(.text.HAL_TIM_Base_MspInit)
    HAL_TIM_ConfigClockSource                0x080030c5   Thumb Code   388  stm32f1xx_hal_tim.o(.text.HAL_TIM_ConfigClockSource)
    HAL_TIM_IC_CaptureCallback               0x08003249   Thumb Code     8  stm32f1xx_hal_tim.o(.text.HAL_TIM_IC_CaptureCallback)
    HAL_TIM_IRQHandler                       0x08003251   Thumb Code   634  stm32f1xx_hal_tim.o(.text.HAL_TIM_IRQHandler)
    HAL_TIM_OC_DelayElapsedCallback          0x080034cd   Thumb Code     8  stm32f1xx_hal_tim.o(.text.HAL_TIM_OC_DelayElapsedCallback)
    HAL_TIM_PWM_PulseFinishedCallback        0x080034d5   Thumb Code     8  stm32f1xx_hal_tim.o(.text.HAL_TIM_PWM_PulseFinishedCallback)
    HAL_TIM_PeriodElapsedCallback            0x080034dd   Thumb Code   552  funtion.o(.text.HAL_TIM_PeriodElapsedCallback)
    HAL_TIM_TriggerCallback                  0x08003705   Thumb Code     8  stm32f1xx_hal_tim.o(.text.HAL_TIM_TriggerCallback)
    HardFault_Handler                        0x0800370d   Thumb Code     4  stm32f1xx_it.o(.text.HardFault_Handler)
    INSPECT_TEMPORATURE_OF_BOILER            0x08003c39   Thumb Code    98  funtion.o(.text.INSPECT_TEMPORATURE_OF_BOILER)
    INSPECT_WATER_LEVEL_OF_BOILER            0x08003c9d   Thumb Code    58  funtion.o(.text.INSPECT_WATER_LEVEL_OF_BOILER)
    MemManage_Handler                        0x08003fed   Thumb Code     4  stm32f1xx_it.o(.text.MemManage_Handler)
    NMI_Handler                              0x08003ff1   Thumb Code     4  stm32f1xx_it.o(.text.NMI_Handler)
    OPEN_BOILER_HEATER                       0x08004061   Thumb Code    50  funtion.o(.text.OPEN_BOILER_HEATER)
    OPEN_PUMP_MECHICAL_RINSE                 0x08004095   Thumb Code    20  funtion.o(.text.OPEN_PUMP_MECHICAL_RINSE)
    OPEN_PUMP_MECHICAL_WASH                  0x080040a9   Thumb Code    20  funtion.o(.text.OPEN_PUMP_MECHICAL_WASH)
    OPEN_PUMP_WASH                           0x080040bd   Thumb Code    22  funtion.o(.text.OPEN_PUMP_WASH)
    OPEN_VALVE                               0x080040d5   Thumb Code    52  funtion.o(.text.OPEN_VALVE)
    PendSV_Handler                           0x08004109   Thumb Code     2  stm32f1xx_it.o(.text.PendSV_Handler)
    READY                                    0x08004149   Thumb Code    32  funtion.o(.text.READY)
    SELECT_MODE                              0x08004169   Thumb Code   282  funtion.o(.text.SELECT_MODE)
    SET_BUZZER                               0x08004285   Thumb Code    48  funtion.o(.text.SET_BUZZER)
    STOP                                     0x080042b5   Thumb Code    24  funtion.o(.text.STOP)
    SVC_Handler                              0x080042cd   Thumb Code     2  stm32f1xx_it.o(.text.SVC_Handler)
    Set_Pin_Input                            0x080042d1   Thumb Code    44  funtion.o(.text.Set_Pin_Input)
    Set_Pin_Output                           0x080042fd   Thumb Code    46  funtion.o(.text.Set_Pin_Output)
    SysTick_Handler                          0x08004381   Thumb Code     8  stm32f1xx_it.o(.text.SysTick_Handler)
    SystemClock_Config                       0x08004389   Thumb Code   108  main.o(.text.SystemClock_Config)
    SystemInit                               0x080043f5   Thumb Code     2  system_stm32f1xx.o(.text.SystemInit)
    TEMPORATURE_OF_BOILER                    0x080043f9   Thumb Code   230  funtion.o(.text.TEMPORATURE_OF_BOILER)
    TIM3_IRQHandler                          0x080044e1   Thumb Code    16  stm32f1xx_it.o(.text.TIM3_IRQHandler)
    TIM_Base_SetConfig                       0x080044f1   Thumb Code   240  stm32f1xx_hal_tim.o(.text.TIM_Base_SetConfig)
    TIM_ETR_SetConfig                        0x080045e1   Thumb Code    52  stm32f1xx_hal_tim.o(.text.TIM_ETR_SetConfig)
    UPDATE_TEMPERATURE                       0x080046e5   Thumb Code    94  funtion.o(.text.UPDATE_TEMPERATURE)
    UsageFault_Handler                       0x08004745   Thumb Code     4  stm32f1xx_it.o(.text.UsageFault_Handler)
    WASH_MODE_HIGH                           0x08004749   Thumb Code   250  funtion.o(.text.WASH_MODE_HIGH)
    WASH_MODE_STD                            0x08004845   Thumb Code   228  funtion.o(.text.WASH_MODE_STD)
    lcd_clear                                0x08004a49   Thumb Code    44  i2c-lcd.o(.text.lcd_clear)
    lcd_put_cur                              0x08004a75   Thumb Code    56  i2c-lcd.o(.text.lcd_put_cur)
    lcd_send_cmd                             0x08004aad   Thumb Code   108  i2c-lcd.o(.text.lcd_send_cmd)
    lcd_send_data                            0x08004b19   Thumb Code   108  i2c-lcd.o(.text.lcd_send_data)
    lcd_send_string                          0x08004b85   Thumb Code    34  i2c-lcd.o(.text.lcd_send_string)
    main                                     0x08004ba9   Thumb Code    76  main.o(.text.main)
    resetSTM32                               0x08004bf5   Thumb Code     4  funtion.o(.text.resetSTM32)
    _btod_d2e                                0x08004bf9   Thumb Code    62  btod.o(CL$$btod_d2e)
    _d2e_denorm_low                          0x08004c37   Thumb Code    70  btod.o(CL$$btod_d2e_denorm_low)
    _d2e_norm_op1                            0x08004c7d   Thumb Code    96  btod.o(CL$$btod_d2e_norm_op1)
    __btod_div_common                        0x08004cdd   Thumb Code   696  btod.o(CL$$btod_div_common)
    _e2e                                     0x08005015   Thumb Code   220  btod.o(CL$$btod_e2e)
    _btod_ediv                               0x080050f1   Thumb Code    42  btod.o(CL$$btod_ediv)
    _btod_emul                               0x0800511b   Thumb Code    42  btod.o(CL$$btod_emul)
    __btod_mult_common                       0x08005145   Thumb Code   580  btod.o(CL$$btod_mult_common)
    __ARM_fpclassify                         0x08005389   Thumb Code    40  fpclassify.o(i.__ARM_fpclassify)
    _is_digit                                0x080053b1   Thumb Code    14  __printf_wp.o(i._is_digit)
    _get_lc_numeric                          0x080053c1   Thumb Code    44  lc_numeric_c.o(locale$$code)
    _get_lc_ctype                            0x080053ed   Thumb Code    44  lc_ctype_c.o(locale$$code)
    __fpl_dretinf                            0x08005419   Thumb Code    12  dretinf.o(x$fpl$dretinf)
    __aeabi_f2d                              0x08005425   Thumb Code     0  f2d.o(x$fpl$f2d)
    _f2d                                     0x08005425   Thumb Code    86  f2d.o(x$fpl$f2d)
    __aeabi_fcmpeq                           0x0800547b   Thumb Code     0  fcmp.o(x$fpl$fcmp)
    _feq                                     0x0800547b   Thumb Code    14  fcmp.o(x$fpl$fcmp)
    _fneq                                    0x08005489   Thumb Code    14  fcmp.o(x$fpl$fcmp)
    __aeabi_fcmpgt                           0x08005497   Thumb Code     0  fcmp.o(x$fpl$fcmp)
    _fgr                                     0x08005497   Thumb Code    14  fcmp.o(x$fpl$fcmp)
    __aeabi_fcmpge                           0x080054a5   Thumb Code     0  fcmp.o(x$fpl$fcmp)
    _fgeq                                    0x080054a5   Thumb Code    14  fcmp.o(x$fpl$fcmp)
    __aeabi_fcmple                           0x080054b3   Thumb Code     0  fcmp.o(x$fpl$fcmp)
    _fleq                                    0x080054b3   Thumb Code    14  fcmp.o(x$fpl$fcmp)
    __aeabi_fcmplt                           0x080054c1   Thumb Code     0  fcmp.o(x$fpl$fcmp)
    _fls                                     0x080054c1   Thumb Code    14  fcmp.o(x$fpl$fcmp)
    __fpl_fcmp_Inf                           0x080054cf   Thumb Code    24  fcmpi.o(x$fpl$fcmpinf)
    __aeabi_fdiv                             0x080054e9   Thumb Code     0  fdiv.o(x$fpl$fdiv)
    _fdiv                                    0x080054e9   Thumb Code   384  fdiv.o(x$fpl$fdiv)
    __aeabi_cfcmpeq                          0x0800566d   Thumb Code     0  feqf.o(x$fpl$feqf)
    _fcmpeq                                  0x0800566d   Thumb Code   104  feqf.o(x$fpl$feqf)
    __aeabi_i2f                              0x080056d5   Thumb Code     0  fflt_clz.o(x$fpl$fflt)
    _fflt                                    0x080056d5   Thumb Code    48  fflt_clz.o(x$fpl$fflt)
    __aeabi_ui2f                             0x08005705   Thumb Code     0  fflt_clz.o(x$fpl$ffltu)
    _ffltu                                   0x08005705   Thumb Code    38  fflt_clz.o(x$fpl$ffltu)
    _fcmpge                                  0x0800572d   Thumb Code   104  fgeqf.o(x$fpl$fgeqf)
    __aeabi_cfcmple                          0x08005795   Thumb Code     0  fleqf.o(x$fpl$fleqf)
    _fcmple                                  0x08005795   Thumb Code   104  fleqf.o(x$fpl$fleqf)
    __fpl_fcmple_InfNaN                      0x080057e7   Thumb Code     0  fleqf.o(x$fpl$fleqf)
    __fpl_fnaninf                            0x080057fd   Thumb Code   140  fnaninf.o(x$fpl$fnaninf)
    __fpl_fretinf                            0x08005889   Thumb Code    10  fretinf.o(x$fpl$fretinf)
    _printf_fp_dec                           0x08005893   Thumb Code     4  printf1.o(x$fpl$printf1)
    _printf_fp_hex                           0x08005897   Thumb Code     4  printf2.o(x$fpl$printf2)
    __I$use$fp                               0x0800589a   Number         0  usenofp.o(x$fpl$usenofp)
    AHBPrescTable                            0x08005998   Data          16  system_stm32f1xx.o(.rodata.AHBPrescTable)
    APBPrescTable                            0x080059a8   Data           8  system_stm32f1xx.o(.rodata.APBPrescTable)
    Temp_Std_Rinse                           0x080059c2   Data           1  main.o(.rodata.Temp_Std_Rinse)
    Temp_Std_Wash                            0x080059c3   Data           1  main.o(.rodata.Temp_Std_Wash)
    Temperature_max                          0x080059c4   Data           1  main.o(.rodata.Temperature_max)
    Region$$Table$$Base                      0x08005a80   Number         0  anon$$obj.o(Region$$Table)
    Region$$Table$$Limit                     0x08005aa0   Number         0  anon$$obj.o(Region$$Table)
    __ctype                                  0x08005ac9   Data           0  lc_ctype_c.o(locale$$data)
    SystemCoreClock                          0x20000000   Data           4  system_stm32f1xx.o(.data.SystemCoreClock)
    uwTickFreq                               0x20000004   Data           1  stm32f1xx_hal.o(.data.uwTickFreq)
    uwTickPrio                               0x20000008   Data           4  stm32f1xx_hal.o(.data.uwTickPrio)
    __libspace_start                         0x20000010   Data          96  libspace.o(.bss)
    BOILER_FULL                              0x20000070   Data           1  main.o(.bss.BOILER_FULL)
    __temporary_stack_top$libspace           0x20000070   Data           0  libspace.o(.bss)
    MODE                                     0x20000071   Data           1  main.o(.bss.MODE)
    Presence                                 0x20000072   Data           1  main.o(.bss.Presence)
    TEMP                                     0x20000074   Data           2  main.o(.bss.TEMP)
    Temp_byte1                               0x20000076   Data           1  main.o(.bss.Temp_byte1)
    Temp_byte2                               0x20000077   Data           1  main.o(.bss.Temp_byte2)
    Temperature_boiler                       0x20000078   Data           4  main.o(.bss.Temperature_boiler)
    Temperature_tank                         0x2000007c   Data           4  main.o(.bss.Temperature_tank)
    a                                        0x20000080   Data           1  main.o(.bss.a)
    count                                    0x20000081   Data           1  main.o(.bss.count)
    hi2c1                                    0x20000084   Data          84  main.o(.bss.hi2c1)
    htim1                                    0x200000d8   Data          72  main.o(.bss.htim1)
    htim3                                    0x20000120   Data          72  main.o(.bss.htim3)
    power_press                              0x20000168   Data           1  main.o(.bss.power_press)
    uwTick                                   0x2000016c   Data           4  stm32f1xx_hal.o(.bss.uwTick)



==============================================================================

Memory Map of the image

  Image Entry point : 0x080000ed

  Load Region LR_IROM1 (Base: 0x08000000, Size: 0x00005be0, Max: 0x00010000, ABSOLUTE)

    Execution Region ER_IROM1 (Exec base: 0x08000000, Load base: 0x08000000, Size: 0x00005bcc, Max: 0x00010000, ABSOLUTE)

    Exec Addr    Load Addr    Size         Type   Attr      Idx    E Section Name        Object

    0x08000000   0x08000000   0x000000ec   Data   RO            3    RESET               startup_stm32f103xb.o
    0x080000ec   0x080000ec   0x00000008   Code   RO         1128  * !!!main             c_w.l(__main.o)
    0x080000f4   0x080000f4   0x00000034   Code   RO         1493    !!!scatter          c_w.l(__scatter.o)
    0x08000128   0x08000128   0x0000001a   Code   RO         1495    !!handler_copy      c_w.l(__scatter_copy.o)
    0x08000142   0x08000142   0x00000002   PAD
    0x08000144   0x08000144   0x0000001c   Code   RO         1497    !!handler_zi        c_w.l(__scatter_zi.o)
    0x08000160   0x08000160   0x00000000   Code   RO         1226    .ARM.Collect$$_printf_percent$$00000000  c_w.l(_printf_percent.o)
    0x08000160   0x08000160   0x00000006   Code   RO         1215    .ARM.Collect$$_printf_percent$$00000001  c_w.l(_printf_n.o)
    0x08000166   0x08000166   0x00000006   Code   RO         1217    .ARM.Collect$$_printf_percent$$00000002  c_w.l(_printf_p.o)
    0x0800016c   0x0800016c   0x00000006   Code   RO         1222    .ARM.Collect$$_printf_percent$$00000003  c_w.l(_printf_f.o)
    0x08000172   0x08000172   0x00000006   Code   RO         1223    .ARM.Collect$$_printf_percent$$00000004  c_w.l(_printf_e.o)
    0x08000178   0x08000178   0x00000006   Code   RO         1224    .ARM.Collect$$_printf_percent$$00000005  c_w.l(_printf_g.o)
    0x0800017e   0x0800017e   0x00000006   Code   RO         1225    .ARM.Collect$$_printf_percent$$00000006  c_w.l(_printf_a.o)
    0x08000184   0x08000184   0x0000000a   Code   RO         1230    .ARM.Collect$$_printf_percent$$00000007  c_w.l(_printf_ll.o)
    0x0800018e   0x0800018e   0x00000006   Code   RO         1219    .ARM.Collect$$_printf_percent$$00000008  c_w.l(_printf_i.o)
    0x08000194   0x08000194   0x00000006   Code   RO         1220    .ARM.Collect$$_printf_percent$$00000009  c_w.l(_printf_d.o)
    0x0800019a   0x0800019a   0x00000006   Code   RO         1221    .ARM.Collect$$_printf_percent$$0000000A  c_w.l(_printf_u.o)
    0x080001a0   0x080001a0   0x00000006   Code   RO         1218    .ARM.Collect$$_printf_percent$$0000000B  c_w.l(_printf_o.o)
    0x080001a6   0x080001a6   0x00000006   Code   RO         1216    .ARM.Collect$$_printf_percent$$0000000C  c_w.l(_printf_x.o)
    0x080001ac   0x080001ac   0x00000006   Code   RO         1227    .ARM.Collect$$_printf_percent$$0000000D  c_w.l(_printf_lli.o)
    0x080001b2   0x080001b2   0x00000006   Code   RO         1228    .ARM.Collect$$_printf_percent$$0000000E  c_w.l(_printf_lld.o)
    0x080001b8   0x080001b8   0x00000006   Code   RO         1229    .ARM.Collect$$_printf_percent$$0000000F  c_w.l(_printf_llu.o)
    0x080001be   0x080001be   0x00000006   Code   RO         1234    .ARM.Collect$$_printf_percent$$00000010  c_w.l(_printf_llo.o)
    0x080001c4   0x080001c4   0x00000006   Code   RO         1235    .ARM.Collect$$_printf_percent$$00000011  c_w.l(_printf_llx.o)
    0x080001ca   0x080001ca   0x0000000a   Code   RO         1231    .ARM.Collect$$_printf_percent$$00000012  c_w.l(_printf_l.o)
    0x080001d4   0x080001d4   0x00000006   Code   RO         1213    .ARM.Collect$$_printf_percent$$00000013  c_w.l(_printf_c.o)
    0x080001da   0x080001da   0x00000006   Code   RO         1214    .ARM.Collect$$_printf_percent$$00000014  c_w.l(_printf_s.o)
    0x080001e0   0x080001e0   0x00000006   Code   RO         1232    .ARM.Collect$$_printf_percent$$00000015  c_w.l(_printf_lc.o)
    0x080001e6   0x080001e6   0x00000006   Code   RO         1233    .ARM.Collect$$_printf_percent$$00000016  c_w.l(_printf_ls.o)
    0x080001ec   0x080001ec   0x00000004   Code   RO         1289    .ARM.Collect$$_printf_percent$$00000017  c_w.l(_printf_percent_end.o)
    0x080001f0   0x080001f0   0x00000002   Code   RO         1342    .ARM.Collect$$libinit$$00000000  c_w.l(libinit.o)
    0x080001f2   0x080001f2   0x00000000   Code   RO         1360    .ARM.Collect$$libinit$$00000002  c_w.l(libinit2.o)
    0x080001f2   0x080001f2   0x00000000   Code   RO         1362    .ARM.Collect$$libinit$$00000004  c_w.l(libinit2.o)
    0x080001f2   0x080001f2   0x00000000   Code   RO         1364    .ARM.Collect$$libinit$$00000006  c_w.l(libinit2.o)
    0x080001f2   0x080001f2   0x00000000   Code   RO         1367    .ARM.Collect$$libinit$$0000000C  c_w.l(libinit2.o)
    0x080001f2   0x080001f2   0x00000000   Code   RO         1369    .ARM.Collect$$libinit$$0000000E  c_w.l(libinit2.o)
    0x080001f2   0x080001f2   0x00000000   Code   RO         1371    .ARM.Collect$$libinit$$00000010  c_w.l(libinit2.o)
    0x080001f2   0x080001f2   0x00000006   Code   RO         1372    .ARM.Collect$$libinit$$00000011  c_w.l(libinit2.o)
    0x080001f8   0x080001f8   0x00000000   Code   RO         1374    .ARM.Collect$$libinit$$00000013  c_w.l(libinit2.o)
    0x080001f8   0x080001f8   0x0000000c   Code   RO         1375    .ARM.Collect$$libinit$$00000014  c_w.l(libinit2.o)
    0x08000204   0x08000204   0x00000000   Code   RO         1376    .ARM.Collect$$libinit$$00000015  c_w.l(libinit2.o)
    0x08000204   0x08000204   0x00000000   Code   RO         1378    .ARM.Collect$$libinit$$00000017  c_w.l(libinit2.o)
    0x08000204   0x08000204   0x0000000a   Code   RO         1379    .ARM.Collect$$libinit$$00000018  c_w.l(libinit2.o)
    0x0800020e   0x0800020e   0x00000000   Code   RO         1380    .ARM.Collect$$libinit$$00000019  c_w.l(libinit2.o)
    0x0800020e   0x0800020e   0x00000000   Code   RO         1382    .ARM.Collect$$libinit$$0000001B  c_w.l(libinit2.o)
    0x0800020e   0x0800020e   0x00000000   Code   RO         1384    .ARM.Collect$$libinit$$0000001D  c_w.l(libinit2.o)
    0x0800020e   0x0800020e   0x00000000   Code   RO         1386    .ARM.Collect$$libinit$$0000001F  c_w.l(libinit2.o)
    0x0800020e   0x0800020e   0x00000000   Code   RO         1388    .ARM.Collect$$libinit$$00000021  c_w.l(libinit2.o)
    0x0800020e   0x0800020e   0x00000000   Code   RO         1390    .ARM.Collect$$libinit$$00000023  c_w.l(libinit2.o)
    0x0800020e   0x0800020e   0x00000000   Code   RO         1392    .ARM.Collect$$libinit$$00000025  c_w.l(libinit2.o)
    0x0800020e   0x0800020e   0x00000000   Code   RO         1394    .ARM.Collect$$libinit$$00000027  c_w.l(libinit2.o)
    0x0800020e   0x0800020e   0x00000000   Code   RO         1398    .ARM.Collect$$libinit$$0000002E  c_w.l(libinit2.o)
    0x0800020e   0x0800020e   0x00000000   Code   RO         1400    .ARM.Collect$$libinit$$00000030  c_w.l(libinit2.o)
    0x0800020e   0x0800020e   0x00000000   Code   RO         1402    .ARM.Collect$$libinit$$00000032  c_w.l(libinit2.o)
    0x0800020e   0x0800020e   0x00000000   Code   RO         1404    .ARM.Collect$$libinit$$00000034  c_w.l(libinit2.o)
    0x0800020e   0x0800020e   0x00000002   Code   RO         1405    .ARM.Collect$$libinit$$00000035  c_w.l(libinit2.o)
    0x08000210   0x08000210   0x00000002   Code   RO         1429    .ARM.Collect$$libshutdown$$00000000  c_w.l(libshutdown.o)
    0x08000212   0x08000212   0x00000000   Code   RO         1444    .ARM.Collect$$libshutdown$$00000002  c_w.l(libshutdown2.o)
    0x08000212   0x08000212   0x00000000   Code   RO         1446    .ARM.Collect$$libshutdown$$00000004  c_w.l(libshutdown2.o)
    0x08000212   0x08000212   0x00000000   Code   RO         1449    .ARM.Collect$$libshutdown$$00000007  c_w.l(libshutdown2.o)
    0x08000212   0x08000212   0x00000000   Code   RO         1452    .ARM.Collect$$libshutdown$$0000000A  c_w.l(libshutdown2.o)
    0x08000212   0x08000212   0x00000000   Code   RO         1454    .ARM.Collect$$libshutdown$$0000000C  c_w.l(libshutdown2.o)
    0x08000212   0x08000212   0x00000000   Code   RO         1457    .ARM.Collect$$libshutdown$$0000000F  c_w.l(libshutdown2.o)
    0x08000212   0x08000212   0x00000002   Code   RO         1458    .ARM.Collect$$libshutdown$$00000010  c_w.l(libshutdown2.o)
    0x08000214   0x08000214   0x00000000   Code   RO         1144    .ARM.Collect$$rtentry$$00000000  c_w.l(__rtentry.o)
    0x08000214   0x08000214   0x00000000   Code   RO         1258    .ARM.Collect$$rtentry$$00000002  c_w.l(__rtentry2.o)
    0x08000214   0x08000214   0x00000006   Code   RO         1270    .ARM.Collect$$rtentry$$00000004  c_w.l(__rtentry4.o)
    0x0800021a   0x0800021a   0x00000000   Code   RO         1260    .ARM.Collect$$rtentry$$00000009  c_w.l(__rtentry2.o)
    0x0800021a   0x0800021a   0x00000004   Code   RO         1261    .ARM.Collect$$rtentry$$0000000A  c_w.l(__rtentry2.o)
    0x0800021e   0x0800021e   0x00000000   Code   RO         1263    .ARM.Collect$$rtentry$$0000000C  c_w.l(__rtentry2.o)
    0x0800021e   0x0800021e   0x00000008   Code   RO         1264    .ARM.Collect$$rtentry$$0000000D  c_w.l(__rtentry2.o)
    0x08000226   0x08000226   0x00000002   Code   RO         1350    .ARM.Collect$$rtexit$$00000000  c_w.l(rtexit.o)
    0x08000228   0x08000228   0x00000000   Code   RO         1407    .ARM.Collect$$rtexit$$00000002  c_w.l(rtexit2.o)
    0x08000228   0x08000228   0x00000004   Code   RO         1408    .ARM.Collect$$rtexit$$00000003  c_w.l(rtexit2.o)
    0x0800022c   0x0800022c   0x00000006   Code   RO         1409    .ARM.Collect$$rtexit$$00000004  c_w.l(rtexit2.o)
    0x08000232   0x08000232   0x00000002   PAD
    0x08000234   0x08000234   0x00000040   Code   RO            4    .text               startup_stm32f103xb.o
    0x08000274   0x08000274   0x0000002c   Code   RO         1122    .text               c_w.l(sprintf.o)
    0x080002a0   0x080002a0   0x0000004e   Code   RO         1124    .text               c_w.l(rt_memclr_w.o)
    0x080002ee   0x080002ee   0x00000006   Code   RO         1126    .text               c_w.l(heapauxi.o)
    0x080002f4   0x080002f4   0x0000004e   Code   RO         1147    .text               c_w.l(_printf_pad.o)
    0x08000342   0x08000342   0x00000024   Code   RO         1149    .text               c_w.l(_printf_truncate.o)
    0x08000366   0x08000366   0x00000052   Code   RO         1151    .text               c_w.l(_printf_str.o)
    0x080003b8   0x080003b8   0x00000078   Code   RO         1153    .text               c_w.l(_printf_dec.o)
    0x08000430   0x08000430   0x00000028   Code   RO         1155    .text               c_w.l(_printf_charcount.o)
    0x08000458   0x08000458   0x00000030   Code   RO         1157    .text               c_w.l(_printf_char_common.o)
    0x08000488   0x08000488   0x0000000a   Code   RO         1159    .text               c_w.l(_sputc.o)
    0x08000492   0x08000492   0x00000002   PAD
    0x08000494   0x08000494   0x000000bc   Code   RO         1161    .text               c_w.l(_printf_wctomb.o)
    0x08000550   0x08000550   0x0000007c   Code   RO         1164    .text               c_w.l(_printf_longlong_dec.o)
    0x080005cc   0x080005cc   0x00000070   Code   RO         1170    .text               c_w.l(_printf_oct_int_ll.o)
    0x0800063c   0x0800063c   0x00000094   Code   RO         1190    .text               c_w.l(_printf_hex_int_ll_ptr.o)
    0x080006d0   0x080006d0   0x00000188   Code   RO         1210    .text               c_w.l(__printf_flags_ss_wp.o)
    0x08000858   0x08000858   0x0000008a   Code   RO         1272    .text               c_w.l(lludiv10.o)
    0x080008e2   0x080008e2   0x000000b2   Code   RO         1274    .text               c_w.l(_printf_intcommon.o)
    0x08000994   0x08000994   0x0000041c   Code   RO         1276    .text               c_w.l(_printf_fp_dec.o)
    0x08000db0   0x08000db0   0x000002fc   Code   RO         1280    .text               c_w.l(_printf_fp_hex.o)
    0x080010ac   0x080010ac   0x0000002c   Code   RO         1285    .text               c_w.l(_printf_char.o)
    0x080010d8   0x080010d8   0x0000002c   Code   RO         1287    .text               c_w.l(_printf_wchar.o)
    0x08001104   0x08001104   0x00000048   Code   RO         1290    .text               c_w.l(_c16rtomb.o)
    0x0800114c   0x0800114c   0x0000004a   Code   RO         1294    .text               c_w.l(sys_stackheap_outer.o)
    0x08001196   0x08001196   0x00000002   PAD
    0x08001198   0x08001198   0x00000010   Code   RO         1296    .text               c_w.l(rt_ctype_table.o)
    0x080011a8   0x080011a8   0x00000008   Code   RO         1301    .text               c_w.l(rt_locale_intlibspace.o)
    0x080011b0   0x080011b0   0x00000080   Code   RO         1303    .text               c_w.l(_printf_fp_infnan.o)
    0x08001230   0x08001230   0x000000e4   Code   RO         1305    .text               c_w.l(bigflt0.o)
    0x08001314   0x08001314   0x00000012   Code   RO         1335    .text               c_w.l(exit.o)
    0x08001326   0x08001326   0x00000002   PAD
    0x08001328   0x08001328   0x00000008   Code   RO         1347    .text               c_w.l(libspace.o)
    0x08001330   0x08001330   0x00000080   Code   RO         1357    .text               c_w.l(strcmpv7m.o)
    0x080013b0   0x080013b0   0x0000000c   Code   RO         1419    .text               c_w.l(sys_exit.o)
    0x080013bc   0x080013bc   0x00000002   Code   RO         1434    .text               c_w.l(use_no_semi.o)
    0x080013be   0x080013be   0x00000000   Code   RO         1436    .text               c_w.l(indicate_semi.o)
    0x080013be   0x080013be   0x00000002   PAD
    0x080013c0   0x080013c0   0x00000004   Code   RO          165    .text.BusFault_Handler  stm32f1xx_it.o
    0x080013c4   0x080013c4   0x0000006c   Code   RO           76    .text.CHECK_PRESS_POWER_BUTTON  funtion.o
    0x08001430   0x08001430   0x00000014   Code   RO           64    .text.CLOSE_BOILER_HEATER  funtion.o
    0x08001444   0x08001444   0x000000e0   Code   RO           98    .text.CLOSE_DOOR_TO_WASH  funtion.o
    0x08001524   0x08001524   0x00000014   Code   RO          108    .text.CLOSE_PUMP_MECHICAL_RINSE  funtion.o
    0x08001538   0x08001538   0x00000014   Code   RO          106    .text.CLOSE_PUMP_MECHICAL_WASH  funtion.o
    0x0800154c   0x0800154c   0x00000022   Code   RO           56    .text.CLOSE_PUMP_RINSE  funtion.o
    0x0800156e   0x0800156e   0x00000002   PAD
    0x08001570   0x08001570   0x00000016   Code   RO           60    .text.CLOSE_PUMP_WASH  funtion.o
    0x08001586   0x08001586   0x00000002   PAD
    0x08001588   0x08001588   0x00000016   Code   RO           68    .text.CLOSE_TANK_HEATER  funtion.o
    0x0800159e   0x0800159e   0x00000002   PAD
    0x080015a0   0x080015a0   0x00000016   Code   RO           52    .text.CLOSE_VALVE   funtion.o
    0x080015b6   0x080015b6   0x00000002   PAD
    0x080015b8   0x080015b8   0x00000032   Code   RO           32    .text.DELAY_COUNT   funtion.o
    0x080015ea   0x080015ea   0x00000002   PAD
    0x080015ec   0x080015ec   0x0000002e   Code   RO           30    .text.DELAY_US      funtion.o
    0x0800161a   0x0800161a   0x00000002   PAD
    0x0800161c   0x0800161c   0x00000042   Code   RO           72    .text.DISPLAY_TEMPORATURE_BOILER  funtion.o
    0x0800165e   0x0800165e   0x00000002   PAD
    0x08001660   0x08001660   0x00000044   Code   RO           74    .text.DISPLAY_TEMPORATURE_TANK  funtion.o
    0x080016a4   0x080016a4   0x0000008e   Code   RO           46    .text.DS18B20_BOILER_Read  funtion.o
    0x08001732   0x08001732   0x00000002   PAD
    0x08001734   0x08001734   0x0000006c   Code   RO           42    .text.DS18B20_BOILER_Start  funtion.o
    0x080017a0   0x080017a0   0x000000a4   Code   RO           44    .text.DS18B20_BOILER_Write  funtion.o
    0x08001844   0x08001844   0x00000002   Code   RO          171    .text.DebugMon_Handler  stm32f1xx_it.o
    0x08001846   0x08001846   0x00000002   PAD
    0x08001848   0x08001848   0x0000000a   Code   RO          177    .text.EXTI0_IRQHandler  stm32f1xx_it.o
    0x08001852   0x08001852   0x00000002   PAD
    0x08001854   0x08001854   0x0000000a   Code   RO          179    .text.EXTI3_IRQHandler  stm32f1xx_it.o
    0x0800185e   0x0800185e   0x00000002   PAD
    0x08001860   0x08001860   0x0000000a   Code   RO          181    .text.EXTI4_IRQHandler  stm32f1xx_it.o
    0x0800186a   0x0800186a   0x00000002   PAD
    0x0800186c   0x0800186c   0x00000002   Code   RO          130    .text.Error_Handler  main.o
    0x0800186e   0x0800186e   0x00000002   PAD
    0x08001870   0x08001870   0x00000042   Code   RO          413    .text.HAL_Delay     stm32f1xx_hal.o
    0x080018b2   0x080018b2   0x00000002   PAD
    0x080018b4   0x080018b4   0x00000194   Code   RO           84    .text.HAL_GPIO_EXTI_Callback  funtion.o
    0x08001a48   0x08001a48   0x00000038   Code   RO          519    .text.HAL_GPIO_EXTI_IRQHandler  stm32f1xx_hal_gpio.o
    0x08001a80   0x08001a80   0x0000031e   Code   RO          507    .text.HAL_GPIO_Init  stm32f1xx_hal_gpio.o
    0x08001d9e   0x08001d9e   0x00000002   PAD
    0x08001da0   0x08001da0   0x0000002e   Code   RO          511    .text.HAL_GPIO_ReadPin  stm32f1xx_hal_gpio.o
    0x08001dce   0x08001dce   0x00000002   PAD
    0x08001dd0   0x08001dd0   0x00000026   Code   RO          515    .text.HAL_GPIO_TogglePin  stm32f1xx_hal_gpio.o
    0x08001df6   0x08001df6   0x00000002   PAD
    0x08001df8   0x08001df8   0x0000002e   Code   RO          513    .text.HAL_GPIO_WritePin  stm32f1xx_hal_gpio.o
    0x08001e26   0x08001e26   0x00000002   PAD
    0x08001e28   0x08001e28   0x0000000c   Code   RO          405    .text.HAL_GetTick   stm32f1xx_hal.o
    0x08001e34   0x08001e34   0x000002a4   Code   RO          222    .text.HAL_I2C_Init  stm32f1xx_hal_i2c.o
    0x080020d8   0x080020d8   0x00000208   Code   RO          230    .text.HAL_I2C_Master_Transmit  stm32f1xx_hal_i2c.o
    0x080022e0   0x080022e0   0x0000007e   Code   RO          194    .text.HAL_I2C_MspInit  stm32f1xx_hal_msp.o
    0x0800235e   0x0800235e   0x00000002   PAD
    0x08002360   0x08002360   0x0000001a   Code   RO          403    .text.HAL_IncTick   stm32f1xx_hal.o
    0x0800237a   0x0800237a   0x00000002   PAD
    0x0800237c   0x0800237c   0x0000002c   Code   RO          393    .text.HAL_Init      stm32f1xx_hal.o
    0x080023a8   0x080023a8   0x00000070   Code   RO          395    .text.HAL_InitTick  stm32f1xx_hal.o
    0x08002418   0x08002418   0x00000064   Code   RO          192    .text.HAL_MspInit   stm32f1xx_hal_msp.o
    0x0800247c   0x0800247c   0x00000014   Code   RO          579    .text.HAL_NVIC_DisableIRQ  stm32f1xx_hal_cortex.o
    0x08002490   0x08002490   0x00000014   Code   RO          575    .text.HAL_NVIC_EnableIRQ  stm32f1xx_hal_cortex.o
    0x080024a4   0x080024a4   0x00000032   Code   RO          567    .text.HAL_NVIC_SetPriority  stm32f1xx_hal_cortex.o
    0x080024d6   0x080024d6   0x00000002   PAD
    0x080024d8   0x080024d8   0x00000010   Code   RO          563    .text.HAL_NVIC_SetPriorityGrouping  stm32f1xx_hal_cortex.o
    0x080024e8   0x080024e8   0x00000256   Code   RO          459    .text.HAL_RCC_ClockConfig  stm32f1xx_hal_rcc.o
    0x0800273e   0x0800273e   0x00000002   PAD
    0x08002740   0x08002740   0x0000000c   Code   RO          469    .text.HAL_RCC_GetHCLKFreq  stm32f1xx_hal_rcc.o
    0x0800274c   0x0800274c   0x00000022   Code   RO          471    .text.HAL_RCC_GetPCLK1Freq  stm32f1xx_hal_rcc.o
    0x0800276e   0x0800276e   0x00000002   PAD
    0x08002770   0x08002770   0x000000bc   Code   RO          461    .text.HAL_RCC_GetSysClockFreq  stm32f1xx_hal_rcc.o
    0x0800282c   0x0800282c   0x0000067a   Code   RO          455    .text.HAL_RCC_OscConfig  stm32f1xx_hal_rcc.o
    0x08002ea6   0x08002ea6   0x00000002   PAD
    0x08002ea8   0x08002ea8   0x00000010   Code   RO          587    .text.HAL_SYSTICK_Config  stm32f1xx_hal_cortex.o
    0x08002eb8   0x08002eb8   0x00000008   Code   RO         1094    .text.HAL_TIMEx_BreakCallback  stm32f1xx_hal_tim_ex.o
    0x08002ec0   0x08002ec0   0x00000008   Code   RO         1090    .text.HAL_TIMEx_CommutCallback  stm32f1xx_hal_tim_ex.o
    0x08002ec8   0x08002ec8   0x000000dc   Code   RO         1084    .text.HAL_TIMEx_MasterConfigSynchronization  stm32f1xx_hal_tim_ex.o
    0x08002fa4   0x08002fa4   0x0000009c   Code   RO          771    .text.HAL_TIM_Base_Init  stm32f1xx_hal_tim.o
    0x08003040   0x08003040   0x00000082   Code   RO          198    .text.HAL_TIM_Base_MspInit  stm32f1xx_hal_msp.o
    0x080030c2   0x080030c2   0x00000002   PAD
    0x080030c4   0x080030c4   0x00000184   Code   RO          963    .text.HAL_TIM_ConfigClockSource  stm32f1xx_hal_tim.o
    0x08003248   0x08003248   0x00000008   Code   RO          907    .text.HAL_TIM_IC_CaptureCallback  stm32f1xx_hal_tim.o
    0x08003250   0x08003250   0x0000027a   Code   RO          905    .text.HAL_TIM_IRQHandler  stm32f1xx_hal_tim.o
    0x080034ca   0x080034ca   0x00000002   PAD
    0x080034cc   0x080034cc   0x00000008   Code   RO          909    .text.HAL_TIM_OC_DelayElapsedCallback  stm32f1xx_hal_tim.o
    0x080034d4   0x080034d4   0x00000008   Code   RO          911    .text.HAL_TIM_PWM_PulseFinishedCallback  stm32f1xx_hal_tim.o
    0x080034dc   0x080034dc   0x00000228   Code   RO          100    .text.HAL_TIM_PeriodElapsedCallback  funtion.o
    0x08003704   0x08003704   0x00000008   Code   RO          915    .text.HAL_TIM_TriggerCallback  stm32f1xx_hal_tim.o
    0x0800370c   0x0800370c   0x00000004   Code   RO          161    .text.HardFault_Handler  stm32f1xx_it.o
    0x08003710   0x08003710   0x00000064   Code   RO          384    .text.I2C_IsAcknowledgeFailed  stm32f1xx_hal_i2c.o
    0x08003774   0x08003774   0x00000112   Code   RO          234    .text.I2C_MasterRequestWrite  stm32f1xx_hal_i2c.o
    0x08003886   0x08003886   0x00000002   PAD
    0x08003888   0x08003888   0x000000ac   Code   RO          238    .text.I2C_WaitOnBTFFlagUntilTimeout  stm32f1xx_hal_i2c.o
    0x08003934   0x08003934   0x00000108   Code   RO          232    .text.I2C_WaitOnFlagUntilTimeout  stm32f1xx_hal_i2c.o
    0x08003a3c   0x08003a3c   0x00000154   Code   RO          382    .text.I2C_WaitOnMasterAddressFlagUntilTimeout  stm32f1xx_hal_i2c.o
    0x08003b90   0x08003b90   0x000000a8   Code   RO          236    .text.I2C_WaitOnTXEFlagUntilTimeout  stm32f1xx_hal_i2c.o
    0x08003c38   0x08003c38   0x00000062   Code   RO           80    .text.INSPECT_TEMPORATURE_OF_BOILER  funtion.o
    0x08003c9a   0x08003c9a   0x00000002   PAD
    0x08003c9c   0x08003c9c   0x0000003a   Code   RO           82    .text.INSPECT_WATER_LEVEL_OF_BOILER  funtion.o
    0x08003cd6   0x08003cd6   0x00000002   PAD
    0x08003cd8   0x08003cd8   0x000001ba   Code   RO          122    .text.MX_GPIO_Init  main.o
    0x08003e92   0x08003e92   0x00000002   PAD
    0x08003e94   0x08003e94   0x00000048   Code   RO          124    .text.MX_I2C1_Init  main.o
    0x08003edc   0x08003edc   0x00000088   Code   RO          126    .text.MX_TIM1_Init  main.o
    0x08003f64   0x08003f64   0x00000086   Code   RO          128    .text.MX_TIM3_Init  main.o
    0x08003fea   0x08003fea   0x00000002   PAD
    0x08003fec   0x08003fec   0x00000004   Code   RO          163    .text.MemManage_Handler  stm32f1xx_it.o
    0x08003ff0   0x08003ff0   0x00000004   Code   RO          159    .text.NMI_Handler   stm32f1xx_it.o
    0x08003ff4   0x08003ff4   0x0000006c   Code   RO          573    .text.NVIC_EncodePriority  stm32f1xx_hal_cortex.o
    0x08004060   0x08004060   0x00000032   Code   RO           62    .text.OPEN_BOILER_HEATER  funtion.o
    0x08004092   0x08004092   0x00000002   PAD
    0x08004094   0x08004094   0x00000014   Code   RO          104    .text.OPEN_PUMP_MECHICAL_RINSE  funtion.o
    0x080040a8   0x080040a8   0x00000014   Code   RO          102    .text.OPEN_PUMP_MECHICAL_WASH  funtion.o
    0x080040bc   0x080040bc   0x00000016   Code   RO           58    .text.OPEN_PUMP_WASH  funtion.o
    0x080040d2   0x080040d2   0x00000002   PAD
    0x080040d4   0x080040d4   0x00000034   Code   RO           50    .text.OPEN_VALVE    funtion.o
    0x08004108   0x08004108   0x00000002   Code   RO          173    .text.PendSV_Handler  stm32f1xx_it.o
    0x0800410a   0x0800410a   0x00000002   PAD
    0x0800410c   0x0800410c   0x0000003a   Code   RO          457    .text.RCC_Delay     stm32f1xx_hal_rcc.o
    0x08004146   0x08004146   0x00000002   PAD
    0x08004148   0x08004148   0x00000020   Code   RO           36    .text.READY         funtion.o
    0x08004168   0x08004168   0x0000011a   Code   RO           96    .text.SELECT_MODE   funtion.o
    0x08004282   0x08004282   0x00000002   PAD
    0x08004284   0x08004284   0x00000030   Code   RO           86    .text.SET_BUZZER    funtion.o
    0x080042b4   0x080042b4   0x00000018   Code   RO           70    .text.STOP          funtion.o
    0x080042cc   0x080042cc   0x00000002   Code   RO          169    .text.SVC_Handler   stm32f1xx_it.o
    0x080042ce   0x080042ce   0x00000002   PAD
    0x080042d0   0x080042d0   0x0000002c   Code   RO           40    .text.Set_Pin_Input  funtion.o
    0x080042fc   0x080042fc   0x0000002e   Code   RO           38    .text.Set_Pin_Output  funtion.o
    0x0800432a   0x0800432a   0x00000002   PAD
    0x0800432c   0x0800432c   0x00000052   Code   RO          589    .text.SysTick_Config  stm32f1xx_hal_cortex.o
    0x0800437e   0x0800437e   0x00000002   PAD
    0x08004380   0x08004380   0x00000008   Code   RO          175    .text.SysTick_Handler  stm32f1xx_it.o
    0x08004388   0x08004388   0x0000006c   Code   RO          120    .text.SystemClock_Config  main.o
    0x080043f4   0x080043f4   0x00000002   Code   RO         1107    .text.SystemInit    system_stm32f1xx.o
    0x080043f6   0x080043f6   0x00000002   PAD
    0x080043f8   0x080043f8   0x000000e6   Code   RO           48    .text.TEMPORATURE_OF_BOILER  funtion.o
    0x080044de   0x080044de   0x00000002   PAD
    0x080044e0   0x080044e0   0x00000010   Code   RO          183    .text.TIM3_IRQHandler  stm32f1xx_it.o
    0x080044f0   0x080044f0   0x000000f0   Code   RO          775    .text.TIM_Base_SetConfig  stm32f1xx_hal_tim.o
    0x080045e0   0x080045e0   0x00000034   Code   RO          961    .text.TIM_ETR_SetConfig  stm32f1xx_hal_tim.o
    0x08004614   0x08004614   0x0000002a   Code   RO          967    .text.TIM_ITRx_SetConfig  stm32f1xx_hal_tim.o
    0x0800463e   0x0800463e   0x00000002   PAD
    0x08004640   0x08004640   0x00000050   Code   RO          965    .text.TIM_TI1_ConfigInputStage  stm32f1xx_hal_tim.o
    0x08004690   0x08004690   0x00000052   Code   RO          969    .text.TIM_TI2_ConfigInputStage  stm32f1xx_hal_tim.o
    0x080046e2   0x080046e2   0x00000002   PAD
    0x080046e4   0x080046e4   0x0000005e   Code   RO           78    .text.UPDATE_TEMPERATURE  funtion.o
    0x08004742   0x08004742   0x00000002   PAD
    0x08004744   0x08004744   0x00000004   Code   RO          167    .text.UsageFault_Handler  stm32f1xx_it.o
    0x08004748   0x08004748   0x000000fa   Code   RO           90    .text.WASH_MODE_HIGH  funtion.o
    0x08004842   0x08004842   0x00000002   PAD
    0x08004844   0x08004844   0x000000e4   Code   RO           88    .text.WASH_MODE_STD  funtion.o
    0x08004928   0x08004928   0x00000038   Code   RO          581    .text.__NVIC_DisableIRQ  stm32f1xx_hal_cortex.o
    0x08004960   0x08004960   0x00000030   Code   RO          577    .text.__NVIC_EnableIRQ  stm32f1xx_hal_cortex.o
    0x08004990   0x08004990   0x00000010   Code   RO          569    .text.__NVIC_GetPriorityGrouping  stm32f1xx_hal_cortex.o
    0x080049a0   0x080049a0   0x00000042   Code   RO          571    .text.__NVIC_SetPriority  stm32f1xx_hal_cortex.o
    0x080049e2   0x080049e2   0x00000002   PAD
    0x080049e4   0x080049e4   0x0000003c   Code   RO          565    .text.__NVIC_SetPriorityGrouping  stm32f1xx_hal_cortex.o
    0x08004a20   0x08004a20   0x00000026   Code   RO           94    .text.__NVIC_SystemReset  funtion.o
    0x08004a46   0x08004a46   0x00000002   PAD
    0x08004a48   0x08004a48   0x0000002c   Code   RO           15    .text.lcd_clear     i2c-lcd.o
    0x08004a74   0x08004a74   0x00000038   Code   RO           17    .text.lcd_put_cur   i2c-lcd.o
    0x08004aac   0x08004aac   0x0000006c   Code   RO           11    .text.lcd_send_cmd  i2c-lcd.o
    0x08004b18   0x08004b18   0x0000006c   Code   RO           13    .text.lcd_send_data  i2c-lcd.o
    0x08004b84   0x08004b84   0x00000022   Code   RO           21    .text.lcd_send_string  i2c-lcd.o
    0x08004ba6   0x08004ba6   0x00000002   PAD
    0x08004ba8   0x08004ba8   0x0000004c   Code   RO          118    .text.main          main.o
    0x08004bf4   0x08004bf4   0x00000004   Code   RO           92    .text.resetSTM32    funtion.o
    0x08004bf8   0x08004bf8   0x0000003e   Code   RO         1308    CL$$btod_d2e        c_w.l(btod.o)
    0x08004c36   0x08004c36   0x00000046   Code   RO         1310    CL$$btod_d2e_denorm_low  c_w.l(btod.o)
    0x08004c7c   0x08004c7c   0x00000060   Code   RO         1309    CL$$btod_d2e_norm_op1  c_w.l(btod.o)
    0x08004cdc   0x08004cdc   0x00000338   Code   RO         1318    CL$$btod_div_common  c_w.l(btod.o)
    0x08005014   0x08005014   0x000000dc   Code   RO         1315    CL$$btod_e2e        c_w.l(btod.o)
    0x080050f0   0x080050f0   0x0000002a   Code   RO         1312    CL$$btod_ediv       c_w.l(btod.o)
    0x0800511a   0x0800511a   0x0000002a   Code   RO         1311    CL$$btod_emul       c_w.l(btod.o)
    0x08005144   0x08005144   0x00000244   Code   RO         1317    CL$$btod_mult_common  c_w.l(btod.o)
    0x08005388   0x08005388   0x00000028   Code   RO         1345    i.__ARM_fpclassify  m_ws.l(fpclassify.o)
    0x080053b0   0x080053b0   0x0000000e   Code   RO         1203    i._is_digit         c_w.l(__printf_wp.o)
    0x080053be   0x080053be   0x00000002   PAD
    0x080053c0   0x080053c0   0x0000002c   Code   RO         1333    locale$$code        c_w.l(lc_numeric_c.o)
    0x080053ec   0x080053ec   0x0000002c   Code   RO         1355    locale$$code        c_w.l(lc_ctype_c.o)
    0x08005418   0x08005418   0x0000000c   Code   RO         1236    x$fpl$dretinf       fz_ws.l(dretinf.o)
    0x08005424   0x08005424   0x00000056   Code   RO         1130    x$fpl$f2d           fz_ws.l(f2d.o)
    0x0800547a   0x0800547a   0x00000054   Code   RO         1132    x$fpl$fcmp          fz_ws.l(fcmp.o)
    0x080054ce   0x080054ce   0x00000018   Code   RO         1292    x$fpl$fcmpinf       fz_ws.l(fcmpi.o)
    0x080054e6   0x080054e6   0x00000002   PAD
    0x080054e8   0x080054e8   0x00000184   Code   RO         1135    x$fpl$fdiv          fz_ws.l(fdiv.o)
    0x0800566c   0x0800566c   0x00000068   Code   RO         1238    x$fpl$feqf          fz_ws.l(feqf.o)
    0x080056d4   0x080056d4   0x00000030   Code   RO         1139    x$fpl$fflt          fz_ws.l(fflt_clz.o)
    0x08005704   0x08005704   0x00000026   Code   RO         1138    x$fpl$ffltu         fz_ws.l(fflt_clz.o)
    0x0800572a   0x0800572a   0x00000002   PAD
    0x0800572c   0x0800572c   0x00000068   Code   RO         1240    x$fpl$fgeqf         fz_ws.l(fgeqf.o)
    0x08005794   0x08005794   0x00000068   Code   RO         1242    x$fpl$fleqf         fz_ws.l(fleqf.o)
    0x080057fc   0x080057fc   0x0000008c   Code   RO         1244    x$fpl$fnaninf       fz_ws.l(fnaninf.o)
    0x08005888   0x08005888   0x0000000a   Code   RO         1246    x$fpl$fretinf       fz_ws.l(fretinf.o)
    0x08005892   0x08005892   0x00000004   Code   RO         1248    x$fpl$printf1       fz_ws.l(printf1.o)
    0x08005896   0x08005896   0x00000004   Code   RO         1250    x$fpl$printf2       fz_ws.l(printf2.o)
    0x0800589a   0x0800589a   0x00000000   Code   RO         1256    x$fpl$usenofp       fz_ws.l(usenofp.o)
    0x0800589a   0x0800589a   0x00000002   PAD
    0x0800589c   0x0800589c   0x00000008   Data   RO         1162    .constdata          c_w.l(_printf_wctomb.o)
    0x080058a4   0x080058a4   0x00000028   Data   RO         1191    .constdata          c_w.l(_printf_hex_int_ll_ptr.o)
    0x080058cc   0x080058cc   0x00000011   Data   RO         1211    .constdata          c_w.l(__printf_flags_ss_wp.o)
    0x080058dd   0x080058dd   0x00000026   Data   RO         1281    .constdata          c_w.l(_printf_fp_hex.o)
    0x08005903   0x08005903   0x00000001   PAD
    0x08005904   0x08005904   0x00000094   Data   RO         1306    .constdata          c_w.l(bigflt0.o)
    0x08005998   0x08005998   0x00000010   Data   RO         1112    .rodata.AHBPrescTable  system_stm32f1xx.o
    0x080059a8   0x080059a8   0x00000008   Data   RO         1113    .rodata.APBPrescTable  system_stm32f1xx.o
    0x080059b0   0x080059b0   0x00000010   Data   RO          483    .rodata.HAL_RCC_GetSysClockFreq.aPLLMULFactorTable  stm32f1xx_hal_rcc.o
    0x080059c0   0x080059c0   0x00000002   Data   RO          484    .rodata.HAL_RCC_GetSysClockFreq.aPredivFactorTable  stm32f1xx_hal_rcc.o
    0x080059c2   0x080059c2   0x00000001   Data   RO          140    .rodata.Temp_Std_Rinse  main.o
    0x080059c3   0x080059c3   0x00000001   Data   RO          139    .rodata.Temp_Std_Wash  main.o
    0x080059c4   0x080059c4   0x00000001   Data   RO          141    .rodata.Temperature_max  main.o
    0x080059c5   0x080059c5   0x000000bb   Data   RO          110    .rodata.str1.1      funtion.o
    0x08005a80   0x08005a80   0x00000020   Data   RO         1492    Region$$Table       anon$$obj.o
    0x08005aa0   0x08005aa0   0x0000001c   Data   RO         1332    locale$$data        c_w.l(lc_numeric_c.o)
    0x08005abc   0x08005abc   0x00000110   Data   RO         1354    locale$$data        c_w.l(lc_ctype_c.o)


    Execution Region RW_IRAM1 (Exec base: 0x20000000, Load base: 0x08005bd0, Size: 0x00000770, Max: 0x00005000, ABSOLUTE)

    Exec Addr    Load Addr    Size         Type   Attr      Idx    E Section Name        Object

    0x20000000   0x08005bd0   0x00000004   Data   RW         1111    .data.SystemCoreClock  system_stm32f1xx.o
    0x20000004   0x08005bd4   0x00000001   Data   RW          444    .data.uwTickFreq    stm32f1xx_hal.o
    0x20000005   0x08005bd5   0x00000003   PAD
    0x20000008   0x08005bd8   0x00000004   Data   RW          443    .data.uwTickPrio    stm32f1xx_hal.o
    0x2000000c   0x08005bdc   0x00000004   PAD
    0x20000010        -       0x00000060   Zero   RW         1348    .bss                c_w.l(libspace.o)
    0x20000070        -       0x00000001   Zero   RW          135    .bss.BOILER_FULL    main.o
    0x20000071        -       0x00000001   Zero   RW          138    .bss.MODE           main.o
    0x20000072        -       0x00000001   Zero   RW          134    .bss.Presence       main.o
    0x20000073   0x08005bdc   0x00000001   PAD
    0x20000074        -       0x00000002   Zero   RW          150    .bss.TEMP           main.o
    0x20000076        -       0x00000001   Zero   RW          148    .bss.Temp_byte1     main.o
    0x20000077        -       0x00000001   Zero   RW          149    .bss.Temp_byte2     main.o
    0x20000078        -       0x00000004   Zero   RW          147    .bss.Temperature_boiler  main.o
    0x2000007c        -       0x00000004   Zero   RW          133    .bss.Temperature_tank  main.o
    0x20000080        -       0x00000001   Zero   RW          143    .bss.a              main.o
    0x20000081        -       0x00000001   Zero   RW          142    .bss.count          main.o
    0x20000082   0x08005bdc   0x00000002   PAD
    0x20000084        -       0x00000054   Zero   RW          144    .bss.hi2c1          main.o
    0x200000d8        -       0x00000048   Zero   RW          145    .bss.htim1          main.o
    0x20000120        -       0x00000048   Zero   RW          146    .bss.htim3          main.o
    0x20000168        -       0x00000001   Zero   RW          132    .bss.power_press    main.o
    0x20000169   0x08005bdc   0x00000003   PAD
    0x2000016c        -       0x00000004   Zero   RW          445    .bss.uwTick         stm32f1xx_hal.o
    0x20000170        -       0x00000200   Zero   RW            2    HEAP                startup_stm32f103xb.o
    0x20000370        -       0x00000400   Zero   RW            1    STACK               startup_stm32f103xb.o


==============================================================================

Image component sizes


      Code (inc. data)   RO Data    RW Data    ZI Data      Debug   Object Name

      3732          0        187          0          0      11770   funtion.o
       350          0          0          0          0       1643   i2c-lcd.o
       970          0          3          0        246       9265   main.o
        64         26        236          0       1536        856   startup_stm32f103xb.o
       260          0          0          5          4       5617   stm32f1xx_hal.o
       558          0          0          0          0       7564   stm32f1xx_hal_cortex.o
       984          0          0          0          0       4268   stm32f1xx_hal_gpio.o
      2514          0          0          0          0      37233   stm32f1xx_hal_i2c.o
       356          0          0          0          0       7505   stm32f1xx_hal_msp.o
      2548          0         18          0          0       7464   stm32f1xx_hal_rcc.o
      1706          0          0          0          0      35505   stm32f1xx_hal_tim.o
       236          0          0          0          0      15124   stm32f1xx_hal_tim_ex.o
        80          0          0          0          0       1577   stm32f1xx_it.o
         2          0         24          4          0       1623   system_stm32f1xx.o

    ----------------------------------------------------------------------
     14456         26        500         12       1796     147014   Object Totals
         0          0         32          0          0          0   (incl. Generated)
        96          0          0          3         10          0   (incl. Padding)

    ----------------------------------------------------------------------

      Code (inc. data)   RO Data    RW Data    ZI Data      Debug   Library Member Name

         8          0          0          0          0         68   __main.o
       392          4         17          0          0         92   __printf_flags_ss_wp.o
        14          0          0          0          0         68   __printf_wp.o
         0          0          0          0          0          0   __rtentry.o
        12          0          0          0          0          0   __rtentry2.o
         6          0          0          0          0          0   __rtentry4.o
        52          8          0          0          0          0   __scatter.o
        26          0          0          0          0          0   __scatter_copy.o
        28          0          0          0          0          0   __scatter_zi.o
        72          0          0          0          0         96   _c16rtomb.o
         6          0          0          0          0          0   _printf_a.o
         6          0          0          0          0          0   _printf_c.o
        44          0          0          0          0        108   _printf_char.o
        48          6          0          0          0         96   _printf_char_common.o
        40          0          0          0          0         68   _printf_charcount.o
         6          0          0          0          0          0   _printf_d.o
       120         16          0          0          0         92   _printf_dec.o
         6          0          0          0          0          0   _printf_e.o
         6          0          0          0          0          0   _printf_f.o
      1052          0          0          0          0        148   _printf_fp_dec.o
       764          8         38          0          0        100   _printf_fp_hex.o
       128         16          0          0          0         84   _printf_fp_infnan.o
         6          0          0          0          0          0   _printf_g.o
       148          4         40          0          0        160   _printf_hex_int_ll_ptr.o
         6          0          0          0          0          0   _printf_i.o
       178          0          0          0          0         88   _printf_intcommon.o
        10          0          0          0          0          0   _printf_l.o
         6          0          0          0          0          0   _printf_lc.o
        10          0          0          0          0          0   _printf_ll.o
         6          0          0          0          0          0   _printf_lld.o
         6          0          0          0          0          0   _printf_lli.o
         6          0          0          0          0          0   _printf_llo.o
         6          0          0          0          0          0   _printf_llu.o
         6          0          0          0          0          0   _printf_llx.o
       124         16          0          0          0         92   _printf_longlong_dec.o
         6          0          0          0          0          0   _printf_ls.o
         6          0          0          0          0          0   _printf_n.o
         6          0          0          0          0          0   _printf_o.o
       112          8          0          0          0        124   _printf_oct_int_ll.o
         6          0          0          0          0          0   _printf_p.o
        78          0          0          0          0        108   _printf_pad.o
         0          0          0          0          0          0   _printf_percent.o
         4          0          0          0          0          0   _printf_percent_end.o
         6          0          0          0          0          0   _printf_s.o
        82          0          0          0          0         80   _printf_str.o
        36          0          0          0          0         84   _printf_truncate.o
         6          0          0          0          0          0   _printf_u.o
        44          0          0          0          0        108   _printf_wchar.o
       188          6          8          0          0         92   _printf_wctomb.o
         6          0          0          0          0          0   _printf_x.o
        10          0          0          0          0         68   _sputc.o
       228          4        148          0          0         96   bigflt0.o
      1936        128          0          0          0        668   btod.o
        18          0          0          0          0         80   exit.o
         6          0          0          0          0        152   heapauxi.o
         0          0          0          0          0          0   indicate_semi.o
        44         10        272          0          0         76   lc_ctype_c.o
        44         10         28          0          0         76   lc_numeric_c.o
         2          0          0          0          0          0   libinit.o
        30          0          0          0          0          0   libinit2.o
         2          0          0          0          0          0   libshutdown.o
         2          0          0          0          0          0   libshutdown2.o
         8          4          0          0         96         68   libspace.o
       138          0          0          0          0         80   lludiv10.o
        16          4          0          0          0         76   rt_ctype_table.o
         8          4          0          0          0         68   rt_locale_intlibspace.o
        78          0          0          0          0         80   rt_memclr_w.o
         2          0          0          0          0          0   rtexit.o
        10          0          0          0          0          0   rtexit2.o
        44          6          0          0          0         84   sprintf.o
       128          0          0          0          0         68   strcmpv7m.o
        12          4          0          0          0         68   sys_exit.o
        74          0          0          0          0         80   sys_stackheap_outer.o
         2          0          0          0          0         68   use_no_semi.o
        12          0          0          0          0         68   dretinf.o
        86          4          0          0          0         84   f2d.o
        84          0          0          0          0        196   fcmp.o
        24          0          0          0          0         68   fcmpi.o
       388         76          0          0          0         96   fdiv.o
       104          4          0          0          0         84   feqf.o
        86          0          0          0          0        136   fflt_clz.o
       104          4          0          0          0         84   fgeqf.o
       104          4          0          0          0         84   fleqf.o
       140          4          0          0          0         84   fnaninf.o
        10          0          0          0          0         68   fretinf.o
         4          0          0          0          0         68   printf1.o
         4          0          0          0          0         68   printf2.o
         0          0          0          0          0          0   usenofp.o
        40          0          0          0          0         68   fpclassify.o

    ----------------------------------------------------------------------
      7992        362        552          0         96       5168   Library Totals
        20          0          1          0          0          0   (incl. Padding)

    ----------------------------------------------------------------------

      Code (inc. data)   RO Data    RW Data    ZI Data      Debug   Library Name

      6782        266        551          0         96       3912   c_w.l
      1150         96          0          0          0       1188   fz_ws.l
        40          0          0          0          0         68   m_ws.l

    ----------------------------------------------------------------------
      7992        362        552          0         96       5168   Library Totals

    ----------------------------------------------------------------------

==============================================================================


      Code (inc. data)   RO Data    RW Data    ZI Data      Debug   

     22448        388       1052         12       1892     149130   Grand Totals
     22448        388       1052         12       1892     149130   ELF Image Totals
     22448        388       1052         12          0          0   ROM Totals

==============================================================================

    Total RO  Size (Code + RO Data)                23500 (  22.95kB)
    Total RW  Size (RW Data + ZI Data)              1904 (   1.86kB)
    Total ROM Size (Code + RO Data + RW Data)      23512 (  22.96kB)

==============================================================================

